Archive member included to satisfy reference by file (symbol)

c:/OpenMono/mono/monoCyLib.a(Cm3Start.o)
                              (Reset)
c:/OpenMono/mono/monoCyLib.a(CyLib.o)
                              c:/OpenMono/mono/monoCyLib.a(Cm3Start.o) (CyHalt)
c:/OpenMono/mono/monoCyLib.a(cyPm.o)
                              c:/OpenMono/mono/monoCyLib.a(CyLib.o) (CyPmReadStatus)
c:/OpenMono/mono/monoCyLib.a(cybootloader.o)
                              (cy_meta_flashprotect)
c:/OpenMono/mono/monoCyLib.a(cyfitter_cfg.o)
                              c:/OpenMono/mono/monoCyLib.a(Cm3Start.o) (cyfitter_cfg)
c:/OpenMono/mono/monoCyLib.a(cymetadata.o)
                              (cy_meta_loadable)
c:/OpenMono/mono/monoCyLib.a(CyBootAsmGnu.o)
                              c:/OpenMono/mono/monoCyLib.a(CyLib.o) (CyDelayCycles)
c:/OpenMono/mono/monoCyLib.a(CyFlash.o)
                              c:/OpenMono/mono/monoCyLib.a(cyPm.o) (CyFlash_SetWaitCycles)
c:/OpenMono/mono/monoCyLib.a(CySpc.o)
                              c:/OpenMono/mono/monoCyLib.a(CyFlash.o) (CySpcStart)
c:/OpenMono/mono/mbedlib.a(retarget.o)
                              c:/openmono/gcc-arm-none-eabi-5_2-2015q4-20151219-win32/bin/../lib/gcc/arm-none-eabi/5.2.1/../../../../arm-none-eabi/lib/armv7-m/crt0.o (exit)
c:/OpenMono/mono/mbedlib.a(serial_api.o)
                              c:/OpenMono/mono/mbedlib.a(retarget.o) (serial_init)
c:/OpenMono/mono/mbedlib.a(serial_usb_api.o)
                              c:/OpenMono/mono/mbedlib.a(serial_api.o) (serial_usbuart_init_cdc)
c:/OpenMono/mono/mbedlib.a(us_ticker.o)
                              c:/OpenMono/mono/mbedlib.a(serial_usb_api.o) (us_ticker_read)
c:/OpenMono/mono/mbedlib.a(us_ticker_api.o)
                              c:/OpenMono/mono/mbedlib.a(us_ticker.o) (us_ticker_irq_handler)
c:/OpenMono/mono/mbedlib.a(FilePath.o)
                              c:/OpenMono/mono/mbedlib.a(retarget.o) (mbed::FilePath::FilePath(char const*))
c:/OpenMono/mono/mbedlib.a(FileSystemLike.o)
                              c:/OpenMono/mono/mbedlib.a(retarget.o) (mbed::FileSystemLike::opendir())
c:/OpenMono/mono/mbedlib.a(board.o)
                              c:/OpenMono/mono/mbedlib.a(retarget.o) (mbed_die)
c:/OpenMono/mono/mbedlib.a(ticker_api.o)
                              c:/OpenMono/mono/mbedlib.a(us_ticker_api.o) (ticker_irq_handler)
c:/OpenMono/mono/mbedlib.a(FileBase.o)
                              c:/OpenMono/mono/mbedlib.a(FileSystemLike.o) (mbed::FileBase::~FileBase())
c:/openmono/gcc-arm-none-eabi-5_2-2015q4-20151219-win32/bin/../lib/gcc/arm-none-eabi/5.2.1/../../../../arm-none-eabi/lib/armv7-m\libstdc++_nano.a(atexit_arm.o)
                              build/app_controller.o (__aeabi_atexit)
c:/openmono/gcc-arm-none-eabi-5_2-2015q4-20151219-win32/bin/../lib/gcc/arm-none-eabi/5.2.1/../../../../arm-none-eabi/lib/armv7-m\libstdc++_nano.a(del_op.o)
                              c:/OpenMono/mono/mbedlib.a(retarget.o) (operator delete(void*))
c:/openmono/gcc-arm-none-eabi-5_2-2015q4-20151219-win32/bin/../lib/gcc/arm-none-eabi/5.2.1/../../../../arm-none-eabi/lib/armv7-m\libstdc++_nano.a(new_op.o)
                              c:/OpenMono/mono/mbedlib.a(FileSystemLike.o) (operator new(unsigned int))
c:/openmono/gcc-arm-none-eabi-5_2-2015q4-20151219-win32/bin/../lib/gcc/arm-none-eabi/5.2.1/../../../../arm-none-eabi/lib/armv7-m\libstdc++_nano.a(pure.o)
                              c:/OpenMono/mono/mbedlib.a(retarget.o) (__cxa_pure_virtual)
c:/openmono/gcc-arm-none-eabi-5_2-2015q4-20151219-win32/bin/../lib/gcc/arm-none-eabi/5.2.1/../../../../arm-none-eabi/lib/armv7-m\libstdc++_nano.a(new_handler.o)
                              c:/openmono/gcc-arm-none-eabi-5_2-2015q4-20151219-win32/bin/../lib/gcc/arm-none-eabi/5.2.1/../../../../arm-none-eabi/lib/armv7-m\libstdc++_nano.a(new_op.o) (std::get_new_handler())
c:/openmono/gcc-arm-none-eabi-5_2-2015q4-20151219-win32/bin/../lib/gcc/arm-none-eabi/5.2.1/../../../../arm-none-eabi/lib/armv7-m\libstdc++_nano.a(eh_terminate.o)
                              c:/openmono/gcc-arm-none-eabi-5_2-2015q4-20151219-win32/bin/../lib/gcc/arm-none-eabi/5.2.1/../../../../arm-none-eabi/lib/armv7-m\libstdc++_nano.a(pure.o) (std::terminate())
c:/openmono/gcc-arm-none-eabi-5_2-2015q4-20151219-win32/bin/../lib/gcc/arm-none-eabi/5.2.1/../../../../arm-none-eabi/lib/armv7-m\libstdc++_nano.a(eh_term_handler.o)
                              c:/openmono/gcc-arm-none-eabi-5_2-2015q4-20151219-win32/bin/../lib/gcc/arm-none-eabi/5.2.1/../../../../arm-none-eabi/lib/armv7-m\libstdc++_nano.a(eh_terminate.o) (__cxxabiv1::__terminate_handler)
c:/openmono/gcc-arm-none-eabi-5_2-2015q4-20151219-win32/bin/../lib/gcc/arm-none-eabi/5.2.1/../../../../arm-none-eabi/lib/armv7-m\libstdc++_nano.a(eh_unex_handler.o)
[...]
Memory Configuration

Name             Origin             Length             Attributes
rom              0x00000000         0x00040000         xr
ram              0x1fff8000         0x00010000         xrw
*default*        0x00000000         0xffffffff

Linker script and memory map

LOAD c:/openmono/gcc-arm-none-eabi-5_2-2015q4-20151219-win32/bin/../lib/gcc/arm-none-eabi/5.2.1/armv7-m/crti.o
LOAD c:/openmono/gcc-arm-none-eabi-5_2-2015q4-20151219-win32/bin/../lib/gcc/arm-none-eabi/5.2.1/armv7-m/crtbegin.o
LOAD c:/openmono/gcc-arm-none-eabi-5_2-2015q4-20151219-win32/bin/../lib/gcc/arm-none-eabi/5.2.1/../../../../arm-none-eabi/lib/armv7-m/crt0.o
START GROUP
LOAD c:/OpenMono/mono/monoCyLib.a
LOAD c:/OpenMono/mono/CyComponentLibrary.a
LOAD c:/OpenMono/mono/mbedlib.a
LOAD c:/OpenMono/mono/mono_framework.a
LOAD build/app_controller.o
LOAD build/mono_default_main.o
LOAD c:/openmono/gcc-arm-none-eabi-5_2-2015q4-20151219-win32/bin/../lib/gcc/arm-none-eabi/5.2.1/../../../../arm-none-eabi/lib/armv7-m\libstdc++_nano.a
LOAD c:/openmono/gcc-arm-none-eabi-5_2-2015q4-20151219-win32/bin/../lib/gcc/arm-none-eabi/5.2.1/../../../../arm-none-eabi/lib/armv7-m\libsupc++_nano.a
LOAD c:/openmono/gcc-arm-none-eabi-5_2-2015q4-20151219-win32/bin/../lib/gcc/arm-none-eabi/5.2.1/../../../../arm-none-eabi/lib/armv7-m\libm.a
LOAD c:/openmono/gcc-arm-none-eabi-5_2-2015q4-20151219-win32/bin/../lib/gcc/arm-none-eabi/5.2.1/../../../../arm-none-eabi/lib/armv7-m\libc_nano.a
LOAD c:/openmono/gcc-arm-none-eabi-5_2-2015q4-20151219-win32/bin/../lib/gcc/arm-none-eabi/5.2.1/armv7-m\libgcc.a
LOAD c:/openmono/gcc-arm-none-eabi-5_2-2015q4-20151219-win32/bin/../lib/gcc/arm-none-eabi/5.2.1/../../../../arm-none-eabi/lib/armv7-m\libnosys.a
END GROUP
START GROUP
LOAD c:/openmono/gcc-arm-none-eabi-5_2-2015q4-20151219-win32/bin/../lib/gcc/arm-none-eabi/5.2.1/armv7-m\libgcc.a
LOAD c:/openmono/gcc-arm-none-eabi-5_2-2015q4-20151219-win32/bin/../lib/gcc/arm-none-eabi/5.2.1/../../../../arm-none-eabi/lib/armv7-m\libg_nano.a
LOAD c:/openmono/gcc-arm-none-eabi-5_2-2015q4-20151219-win32/bin/../lib/gcc/arm-none-eabi/5.2.1/../../../../arm-none-eabi/lib/armv7-m\libc_nano.a
END GROUP
START GROUP
LOAD c:/openmono/gcc-arm-none-eabi-5_2-2015q4-20151219-win32/bin/../lib/gcc/arm-none-eabi/5.2.1/armv7-m\libgcc.a
LOAD c:/openmono/gcc-arm-none-eabi-5_2-2015q4-20151219-win32/bin/../lib/gcc/arm-none-eabi/5.2.1/../../../../arm-none-eabi/lib/armv7-m\libc_nano.a
END GROUP
LOAD c:/openmono/gcc-arm-none-eabi-5_2-2015q4-20151219-win32/bin/../lib/gcc/arm-none-eabi/5.2.1/armv7-m/crtend.o
LOAD c:/openmono/gcc-arm-none-eabi-5_2-2015q4-20151219-win32/bin/../lib/gcc/arm-none-eabi/5.2.1/armv7-m/crtn.o
START GROUP
LOAD c:/openmono/gcc-arm-none-eabi-5_2-2015q4-20151219-win32/bin/../lib/gcc/arm-none-eabi/5.2.1/armv7-m\libgcc.a
LOAD c:/openmono/gcc-arm-none-eabi-5_2-2015q4-20151219-win32/bin/../lib/gcc/arm-none-eabi/5.2.1/../../../../arm-none-eabi/lib/armv7-m\libc.a
LOAD c:/openmono/gcc-arm-none-eabi-5_2-2015q4-20151219-win32/bin/../lib/gcc/arm-none-eabi/5.2.1/../../../../arm-none-eabi/lib/armv7-m\libnosys.a
END GROUP
                0x00000000                CY_APPL_ORIGIN = 0x0
                0x00000100                CY_FLASH_ROW_SIZE = 0x100
                0x00000020                CY_ECC_ROW_SIZE = 0x20
                0x00000000                CY_EE_IN_BTLDR = 0x0
                0x00000001                CY_APPL_LOADABLE = 0x1
                0x00000800                CY_EE_SIZE = 0x800
                0x00000001                CY_APPL_NUM = 0x1
                0x00000001                CY_APPL_MAX = 0x1
                0x00000040                CY_METADATA_SIZE = 0x40
                [!provide]                PROVIDE (__cy_heap_start, _end)
                0x00000001                PROVIDE (__cy_region_num, ((__cy_regions_end - __cy_regions) / 0x10))
                0x20008000                PROVIDE (__cy_stack, (ORIGIN (ram) + LENGTH (ram)))
                [!provide]                PROVIDE (__cy_heap_end, (__cy_stack - 0x4000))

.cybootloader   0x00000000     0x2200
 *(.cybootloader)
 .cybootloader  0x00000000     0x2200 c:/OpenMono/mono/monoCyLib.a(cybootloader.o)
                0x00000000                cy_bootloader
                0x00002200                appl1_start = CY_APPL_ORIGIN?CY_APPL_ORIGIN:ALIGN (CY_FLASH_ROW_SIZE)
                0x00021000                appl2_start = (appl1_start + ALIGN ((((LENGTH (rom) - appl1_start) - (0x2 * CY_FLASH_ROW_SIZE)) / 0x2), CY_FLASH_ROW_SIZE))
                0x00002200                appl_start = (CY_APPL_NUM == 0x1)?appl1_start:appl2_start
                0x00000440                ecc_offset = ((appl_start / CY_FLASH_ROW_SIZE) * CY_ECC_ROW_SIZE)
                0x00000000                ee_offset = (CY_APPL_LOADABLE && ! (CY_EE_IN_BTLDR))?((CY_EE_SIZE / CY_APPL_MAX) * (CY_APPL_NUM - 0x1)):0x0
                0x00000800                ee_size = (CY_APPL_LOADABLE && ! (CY_EE_IN_BTLDR))?(CY_EE_SIZE / CY_APPL_MAX):CY_EE_SIZE
                0x00000440                PROVIDE (CY_ECC_OFFSET, ecc_offset)

.text           0x00002200    0x1610c
 CREATE_OBJECT_SYMBOLS
                0x00002200                PROVIDE (__cy_interrupt_vector, RomVectors)
 *(.romvectors)
 .romvectors    0x00002200       0x10 c:/OpenMono/mono/monoCyLib.a(Cm3Start.o)
                0x00002200                RomVectors
                0x00000001                ASSERT ((. != __cy_interrupt_vector), No interrupt vector)
                0x00000001                ASSERT (CY_APPL_ORIGIN?(SIZEOF (.cybootloader) <= CY_APPL_ORIGIN):0x1, Wrong image location)
                0x00002210                PROVIDE (__cy_reset, Reset)
 *(.text.Reset)
 .text.Reset    0x00002210        0x6 c:/OpenMono/mono/monoCyLib.a(Cm3Start.o)
                0x00002210                Reset
                0x00000001                ASSERT ((. != __cy_reset), No reset code)
 *(.dma_init)
                0x00000001                ASSERT ((((appl_start + .) <= 0x10000) || 0x1), DMA Init must be within the first 64k of flash)
 *(.text .text.* .gnu.linkonce.t.*)
 *fill*         0x00002216        0x2 
 .text          0x00002218       0xa4 c:/openmono/gcc-arm-none-eabi-5_2-2015q4-20151219-win32/bin/../lib/gcc/arm-none-eabi/5.2.1/armv7-m/crtbegin.o
 .text.IntDefaultHandler
                0x000022bc        0x2 c:/OpenMono/mono/monoCyLib.a(Cm3Start.o)
                0x000022bc                IntDefaultHandler
 .text._exit    0x000022be        0xa c:/OpenMono/mono/monoCyLib.a(Cm3Start.o)
                0x000022be                _exit
 .text._sbrk    0x000022c8       0x30 c:/OpenMono/mono/monoCyLib.a(Cm3Start.o)
                0x000022c8                _sbrk
 .text.Start_c  0x000022f8       0x50 c:/OpenMono/mono/monoCyLib.a(Cm3Start.o)
                0x000022f8                Start_c
 .text.startup.initialize_psoc
                0x00002348       0x68 c:/OpenMono/mono/monoCyLib.a(Cm3Start.o)
                0x00002348                initialize_psoc
 .text.CyIMO_SetTrimValue
                0x000023b0       0xbc c:/OpenMono/mono/monoCyLib.a(CyLib.o)
 .text.CyBusClk_Internal_SetDivider
                0x0000246c       0x44 c:/OpenMono/mono/monoCyLib.a(CyLib.o)
 .text.CyPLL_OUT_Stop
                0x000024b0       0x10 c:/OpenMono/mono/monoCyLib.a(CyLib.o)
                0x000024b0                CyPLL_OUT_Stop
 .text.CyIMO_Stop
                0x000024c0       0x18 c:/OpenMono/mono/monoCyLib.a(CyLib.o)
                0x000024c0                CyIMO_Stop
 .text.CyIMO_SetSource
                0x000024d8       0x44 c:/OpenMono/mono/monoCyLib.a(CyLib.o)
                0x000024d8                CyIMO_SetSource
 .text.CyIMO_EnableDoubler
                0x0000251c       0x10 c:/OpenMono/mono/monoCyLib.a(CyLib.o)
                0x0000251c                CyIMO_EnableDoubler
 .text.CyIMO_DisableDoubler
                0x0000252c       0x10 c:/OpenMono/mono/monoCyLib.a(CyLib.o)
                0x0000252c                CyIMO_DisableDoubler
 .text.CyIMO_SetFreq
                0x0000253c       0xd4 c:/OpenMono/mono/monoCyLib.a(CyLib.o)
                0x0000253c                CyIMO_SetFreq
 .text.CyMasterClk_SetSource
                0x00002610       0x18 c:/OpenMono/mono/monoCyLib.a(CyLib.o)
                0x00002610                CyMasterClk_SetSource
 .text.CyMasterClk_SetDivider
                0x00002628        0xc c:/OpenMono/mono/monoCyLib.a(CyLib.o)
                0x00002628                CyMasterClk_SetDivider
 .text.CyBusClk_SetDivider
                0x00002634       0x70 c:/OpenMono/mono/monoCyLib.a(CyLib.o)
                0x00002634                CyBusClk_SetDivider
 .text.CyILO_Start100K
                0x000026a4       0x10 c:/OpenMono/mono/monoCyLib.a(CyLib.o)
                0x000026a4                CyILO_Start100K
 .text.CyILO_Stop100K
                0x000026b4       0x10 c:/OpenMono/mono/monoCyLib.a(CyLib.o)
                0x000026b4                CyILO_Stop100K
 .text.CyPLL_OUT_Start
                0x000026c4       0x74 c:/OpenMono/mono/monoCyLib.a(CyLib.o)
                0x000026c4                CyPLL_OUT_Start
 .text.CyIMO_Start
                0x00002738       0x5c c:/OpenMono/mono/monoCyLib.a(CyLib.o)
                0x00002738                CyIMO_Start
 .text.CyXTAL_Start
                0x00002794       0xa0 c:/OpenMono/mono/monoCyLib.a(CyLib.o)
                0x00002794                CyXTAL_Start
 .text.CyXTAL_Stop
                0x00002834       0x10 c:/OpenMono/mono/monoCyLib.a(CyLib.o)
                0x00002834                CyXTAL_Stop
 .text.CyHalt   0x00002844        0x4 c:/OpenMono/mono/monoCyLib.a(CyLib.o)
                0x00002844                CyHalt
 .text.CySoftwareReset
                0x00002848       0x10 c:/OpenMono/mono/monoCyLib.a(CyLib.o)
                0x00002848                CySoftwareReset
 .text.CyDelay  0x00002858       0x30 c:/OpenMono/mono/monoCyLib.a(CyLib.o)
                0x00002858                CyDelay
 .text.CyDelayUs
                0x00002888       0x10 c:/OpenMono/mono/monoCyLib.a(CyLib.o)
                0x00002888                CyDelayUs
 .text.CyIntSetSysVector
                0x00002898       0x1c c:/OpenMono/mono/monoCyLib.a(CyLib.o)
                0x00002898                CyIntSetSysVector
 .text.CyIntSetVector
                0x000028b4       0x20 c:/OpenMono/mono/monoCyLib.a(CyLib.o)
                0x000028b4                CyIntSetVector
 .text.CyIntSetPriority
                0x000028d4       0x20 c:/OpenMono/mono/monoCyLib.a(CyLib.o)
                0x000028d4                CyIntSetPriority
 .text.CySysTickInit
                0x000028f4       0x58 c:/OpenMono/mono/monoCyLib.a(CyLib.o)
                0x000028f4                CySysTickInit
 .text.CySysTickEnableInterrupt
                0x0000294c       0x10 c:/OpenMono/mono/monoCyLib.a(CyLib.o)
                0x0000294c                CySysTickEnableInterrupt
 .text.CySysTickEnable
                0x0000295c       0x18 c:/OpenMono/mono/monoCyLib.a(CyLib.o)
                0x0000295c                CySysTickEnable
 .text.CySysTickStart
                0x00002974       0x1c c:/OpenMono/mono/monoCyLib.a(CyLib.o)
                0x00002974                CySysTickStart
 .text.CySysTickDisableInterrupt
                0x00002990       0x10 c:/OpenMono/mono/monoCyLib.a(CyLib.o)
                0x00002990                CySysTickDisableInterrupt
 .text.CySysTickSetReload
                0x000029a0       0x10 c:/OpenMono/mono/monoCyLib.a(CyLib.o)
                0x000029a0                CySysTickSetReload
 .text.CySysTickGetReload
                0x000029b0       0x10 c:/OpenMono/mono/monoCyLib.a(CyLib.o)
                0x000029b0                CySysTickGetReload
 .text.CySysTickGetValue
                0x000029c0       0x10 c:/OpenMono/mono/monoCyLib.a(CyLib.o)
                0x000029c0                CySysTickGetValue
 .text.CySysTickSetClockSource
                0x000029d0       0x18 c:/OpenMono/mono/monoCyLib.a(CyLib.o)
                0x000029d0                CySysTickSetClockSource
 .text.CySysTickGetCountFlag
                0x000029e8       0x10 c:/OpenMono/mono/monoCyLib.a(CyLib.o)
                0x000029e8                CySysTickGetCountFlag
 .text.CySysTickServiceCallbacks
                0x000029f8       0x24 c:/OpenMono/mono/monoCyLib.a(CyLib.o)
 .text.CySysTickClear
                0x00002a1c        0xc c:/OpenMono/mono/monoCyLib.a(CyLib.o)
                0x00002a1c                CySysTickClear
 .text.CyGetUniqueId
                0x00002a28       0x70 c:/OpenMono/mono/monoCyLib.a(CyLib.o)
                0x00002a28                CyGetUniqueId
 .text.CyPmHibSlpSaveSet
                0x00002a98      0x1c0 c:/OpenMono/mono/monoCyLib.a(cyPm.o)
 .text.CyPmHibSlpRestore
                0x00002c58       0xc0 c:/OpenMono/mono/monoCyLib.a(cyPm.o)
 .text.CyPmSaveClocks
                0x00002d18      0x1c0 c:/OpenMono/mono/monoCyLib.a(cyPm.o)
                0x00002d18                CyPmSaveClocks
 .text.CyPmRestoreClocks
                0x00002ed8      0x1f0 c:/OpenMono/mono/monoCyLib.a(cyPm.o)
                0x00002ed8                CyPmRestoreClocks
 .text.CyPmSleep
                0x000030c8       0xf0 c:/OpenMono/mono/monoCyLib.a(cyPm.o)
                0x000030c8                CyPmSleep
 .text.CyPmReadStatus
                0x000031b8       0x2c c:/OpenMono/mono/monoCyLib.a(cyPm.o)
                0x000031b8                CyPmReadStatus
 .text.CyPmFtwSetInterval
                0x000031e4       0x50 c:/OpenMono/mono/monoCyLib.a(cyPm.o)
                0x000031e4                CyPmFtwSetInterval
 .text.cyfitter_cfg
                0x00003234      0x2b8 c:/OpenMono/mono/monoCyLib.a(cyfitter_cfg.o)
                0x00003234                cyfitter_cfg
 *fill*         0x000034ec        0x4 
 .text          0x000034f0       0x20 c:/OpenMono/mono/monoCyLib.a(CyBootAsmGnu.o)
                0x000034f0                CyDelayCycles
                0x00003500                CyEnterCriticalSection
                0x00003508                CyExitCriticalSection
 .text.CyFlash_SetWaitCycles
                0x00003510       0x78 c:/OpenMono/mono/monoCyLib.a(CyFlash.o)
                0x00003510                CyFlash_SetWaitCycles
 .text._ZN4mbed10FileHandle4flenEv
                0x00003588       0x34 c:/OpenMono/mono/mbedlib.a(retarget.o)
                0x00003588                mbed::FileHandle::flen()
 .text._ZL11init_serialv
                0x000035bc       0x24 c:/OpenMono/mono/mbedlib.a(retarget.o)
 .text._ZN4mbed10FileHandleD2Ev
                0x000035e0       0x28 c:/OpenMono/mono/mbedlib.a(retarget.o)
                0x000035e0                mbed::FileHandle::~FileHandle()
                0x000035e0                mbed::FileHandle::~FileHandle()
 .text._open    0x00003608       0xcc c:/OpenMono/mono/mbedlib.a(retarget.o)
                0x00003608                _open
 .text._close   0x000036d4       0x2c c:/OpenMono/mono/mbedlib.a(retarget.o)
                0x000036d4                _close
 .text._write   0x00003700       0x50 c:/OpenMono/mono/mbedlib.a(retarget.o)
                0x00003700                _write
 .text._read    0x00003750       0x44 c:/OpenMono/mono/mbedlib.a(retarget.o)
                0x00003750                _read
 .text._isatty  0x00003794       0x24 c:/OpenMono/mono/mbedlib.a(retarget.o)
                0x00003794                _isatty
 .text._lseek   0x000037b8       0x24 c:/OpenMono/mono/mbedlib.a(retarget.o)
                0x000037b8                _lseek
 .text._fstat   0x000037dc       0x1e c:/OpenMono/mono/mbedlib.a(retarget.o)
                0x000037dc                _fstat
 *fill*         0x000037fa        0x2 
 .text.exit     0x000037fc       0x24 c:/OpenMono/mono/mbedlib.a(retarget.o)
                0x000037fc                exit
 .text._ZN4mbed26mbed_set_unbuffered_streamEP7__sFILE
                0x00003820        0x6 c:/OpenMono/mono/mbedlib.a(retarget.o)
                0x00003820                mbed::mbed_set_unbuffered_stream(__sFILE*)
 *fill*         0x00003826        0x2 
 .text.serial_init
                0x00003828       0x1c c:/OpenMono/mono/mbedlib.a(serial_api.o)
                0x00003828                serial_init
 .text.serial_irq_handler
                0x00003844        0x2 c:/OpenMono/mono/mbedlib.a(serial_api.o)
                0x00003844                serial_irq_handler
 .text.serial_getc
                0x00003846       0x12 c:/OpenMono/mono/mbedlib.a(serial_api.o)
                0x00003846                serial_getc
 .text.serial_putc
                0x00003858       0x2e c:/OpenMono/mono/mbedlib.a(serial_api.o)
                0x00003858                serial_putc
 .text.serial_writable
                0x00003886       0x12 c:/OpenMono/mono/mbedlib.a(serial_api.o)
                0x00003886                serial_writable
 .text.serial_usbuart_try_enumeration
                0x00003898       0x26 c:/OpenMono/mono/mbedlib.a(serial_usb_api.o)
                0x00003898                serial_usbuart_try_enumeration
 *fill*         0x000038be        0x2 
 .text.serial_usbuart_init_cdc
                0x000038c0       0x74 c:/OpenMono/mono/mbedlib.a(serial_usb_api.o)
                0x000038c0                serial_usbuart_init_cdc
 .text.serial_usbuart_is_started
                0x00003934        0xc c:/OpenMono/mono/mbedlib.a(serial_usb_api.o)
                0x00003934                serial_usbuart_is_started
 .text.serial_usbuart_stopped
                0x00003940       0x14 c:/OpenMono/mono/mbedlib.a(serial_usb_api.o)
                0x00003940                serial_usbuart_stopped
 .text.serial_usbuart_dtr
                0x00003954       0x16 c:/OpenMono/mono/mbedlib.a(serial_usb_api.o)
                0x00003954                serial_usbuart_dtr
 *fill*         0x0000396a        0x2 
 .text.us_ticker_systick_irq_handler
                0x0000396c       0x6c c:/OpenMono/mono/mbedlib.a(us_ticker.o)
                0x0000396c                us_ticker_systick_irq_handler
 .text.us_ticker_init
                0x000039d8       0x38 c:/OpenMono/mono/mbedlib.a(us_ticker.o)
                0x000039d8                us_ticker_init
 .text.us_ticker_read
                0x00003a10       0x40 c:/OpenMono/mono/mbedlib.a(us_ticker.o)
                0x00003a10                us_ticker_read
 .text.us_ticker_set_interrupt
                0x00003a50       0x80 c:/OpenMono/mono/mbedlib.a(us_ticker.o)
                0x00003a50                us_ticker_set_interrupt
 .text.us_ticker_disable_interrupt
                0x00003ad0       0x14 c:/OpenMono/mono/mbedlib.a(us_ticker.o)
                0x00003ad0                us_ticker_disable_interrupt
 .text.us_ticker_clear_interrupt
                0x00003ae4        0x2 c:/OpenMono/mono/mbedlib.a(us_ticker.o)
                0x00003ae4                us_ticker_clear_interrupt
 *fill*         0x00003ae6        0x2 
 .text.get_us_ticker_data
                0x00003ae8        0x8 c:/OpenMono/mono/mbedlib.a(us_ticker_api.o)
                0x00003ae8                get_us_ticker_data
 .text.us_ticker_irq_handler
                0x00003af0        0xc c:/OpenMono/mono/mbedlib.a(us_ticker_api.o)
                0x00003af0                us_ticker_irq_handler
 .text._ZN4mbed8FilePathC2EPKc
                0x00003afc       0x3c c:/OpenMono/mono/mbedlib.a(FilePath.o)
                0x00003afc                mbed::FilePath::FilePath(char const*)
                0x00003afc                mbed::FilePath::FilePath(char const*)
 .text._ZN4mbed8FilePath8fileNameEv
                0x00003b38        0x4 c:/OpenMono/mono/mbedlib.a(FilePath.o)
                0x00003b38                mbed::FilePath::fileName()
 .text._ZN4mbed8FilePath12isFileSystemEv
                0x00003b3c       0x12 c:/OpenMono/mono/mbedlib.a(FilePath.o)
                0x00003b3c                mbed::FilePath::isFileSystem()
 .text._ZN4mbed8FilePath10fileSystemEv
                0x00003b4e        0xe c:/OpenMono/mono/mbedlib.a(FilePath.o)
                0x00003b4e                mbed::FilePath::fileSystem()
 .text._ZN4mbed8FilePath6isFileEv
                0x00003b5c       0x12 c:/OpenMono/mono/mbedlib.a(FilePath.o)
                0x00003b5c                mbed::FilePath::isFile()
 .text._ZN4mbed8FilePath4fileEv
                0x00003b6e       0x12 c:/OpenMono/mono/mbedlib.a(FilePath.o)
                0x00003b6e                mbed::FilePath::file()
 .text._ZN4mbed8FilePath6existsEv
                0x00003b80        0xa c:/OpenMono/mono/mbedlib.a(FilePath.o)
                0x00003b80                mbed::FilePath::exists()
 *fill*         0x00003b8a        0x2 
 .text.mbed_die
                0x00003b8c       0x68 c:/OpenMono/mono/mbedlib.a(board.o)
                0x00003b8c                mbed_die
 .text.ticker_set_handler
                0x00003bf4       0x12 c:/OpenMono/mono/mbedlib.a(ticker_api.o)
                0x00003bf4                ticker_set_handler
 .text.ticker_irq_handler
                0x00003c06       0x46 c:/OpenMono/mono/mbedlib.a(ticker_api.o)
                0x00003c06                ticker_irq_handler
 .text.ticker_insert_event
                0x00003c4c       0x36 c:/OpenMono/mono/mbedlib.a(ticker_api.o)
                0x00003c4c                ticker_insert_event
 .text.ticker_remove_event
                0x00003c82       0x34 c:/OpenMono/mono/mbedlib.a(ticker_api.o)
                0x00003c82                ticker_remove_event
 .text.ticker_read
                0x00003cb6        0x6 c:/OpenMono/mono/mbedlib.a(ticker_api.o)
                0x00003cb6                ticker_read
 .text._ZN4mbed8FileBaseD2Ev
                0x00003cbc       0x30 c:/OpenMono/mono/mbedlib.a(FileBase.o)
                0x00003cbc                mbed::FileBase::~FileBase()
                0x00003cbc                mbed::FileBase::~FileBase()
 .text._ZN4mbed8FileBaseD0Ev
                0x00003cec       0x12 c:/OpenMono/mono/mbedlib.a(FileBase.o)
                0x00003cec                mbed::FileBase::~FileBase()
 *fill*         0x00003cfe        0x2 
 .text._ZN4mbed8FileBaseC2EPKcNS_8PathTypeE
                0x00003d00       0x20 c:/OpenMono/mono/mbedlib.a(FileBase.o)
                0x00003d00                mbed::FileBase::FileBase(char const*, mbed::PathType)
                0x00003d00                mbed::FileBase::FileBase(char const*, mbed::PathType)
 .text._ZN4mbed8FileBase6lookupEPKcj
                0x00003d20       0x34 c:/OpenMono/mono/mbedlib.a(FileBase.o)
                0x00003d20                mbed::FileBase::lookup(char const*, unsigned int)
 .text._ZN4mbed8FileBase11getPathTypeEv
                0x00003d54        0x4 c:/OpenMono/mono/mbedlib.a(FileBase.o)
                0x00003d54                mbed::FileBase::getPathType()
 .text._ZN4mbed10SerialBaseD2Ev
                0x00003d58       0x28 build/app_controller.o
                0x00003d58                mbed::SerialBase::~SerialBase()
                0x00003d58                mbed::SerialBase::~SerialBase()
 .text._ZN4mbed10SerialBaseD0Ev
                0x00003d80       0x20 build/app_controller.o
                0x00003d80                mbed::SerialBase::~SerialBase()
 .text._ZN4mono12IApplicationC2Ev
                0x00003da0       0x20 build/app_controller.o
                0x00003da0                mono::IApplication::IApplication()
                0x00003da0                mono::IApplication::IApplication()
 .text._ZN13AppControllerC2Ev
                0x00003dc0       0xbc build/app_controller.o
                0x00003dc0                AppController::AppController()
                0x00003dc0                AppController::AppController()
 .text._ZN13AppController17monoWakeFromResetEv
                0x00003e7c       0x84 build/app_controller.o
                0x00003e7c                AppController::monoWakeFromReset()
 .text._ZN13AppController17monoWillGotoSleepEv
                0x00003f00       0x14 build/app_controller.o
                0x00003f00                AppController::monoWillGotoSleep()
 .text._ZN13AppController17monoWakeFromSleepEv
                0x00003f14       0x1c build/app_controller.o
                0x00003f14                AppController::monoWakeFromSleep()
 .text._ZN13AppController19networkReadyHandlerEv
                0x00003f30       0x24 build/app_controller.o
                0x00003f30                AppController::networkReadyHandler()
 .text._ZN4mono7redpine6Module23setNetworkReadyCallbackI13AppControllerEEvPT_MS4_FvvE
                0x00003f54       0x2c build/app_controller.o
                0x00003f54                void mono::redpine::Module::setNetworkReadyCallback<AppController>(AppController*, void (AppController::*)())
 .text._ZN4mbed19FunctionPointerArg1IvvE6attachI13AppControllerEEvPT_MS4_FvvE
                0x00003f80       0x3c build/app_controller.o
                0x00003f80                void mbed::FunctionPointerArg1<void, void>::attach<AppController>(AppController*, void (AppController::*)())
 .text._ZN4mbed19FunctionPointerArg1IvvE12membercallerI13AppControllerEEvPvPj
                0x00003fbc       0x50 build/app_controller.o
                0x00003fbc                void mbed::FunctionPointerArg1<void, void>::membercaller<AppController>(void*, unsigned int*)
 .text._ZN4mbed6SerialD2Ev
                0x0000400c       0x60 build/app_controller.o
                0x0000400c                mbed::Serial::~Serial()
                0x0000400c                mbed::Serial::~Serial()
                0x0000405c                non-virtual thunk to mbed::Serial::~Serial()
                0x00004064                non-virtual thunk to mbed::Serial::~Serial()
 .text._ZN4mbed6SerialD0Ev
                0x0000406c       0x30 build/app_controller.o
                0x0000406c                mbed::Serial::~Serial()
                0x0000408c                non-virtual thunk to mbed::Serial::~Serial()
                0x00004094                non-virtual thunk to mbed::Serial::~Serial()
 .text._ZN4mono2io6SerialD2Ev
                0x0000409c       0x54 build/app_controller.o
                0x0000409c                mono::io::Serial::~Serial()
                0x0000409c                mono::io::Serial::~Serial()
                0x000040e0                non-virtual thunk to mono::io::Serial::~Serial()
                0x000040e8                non-virtual thunk to mono::io::Serial::~Serial()
 .text._ZN4mono2io6SerialD0Ev
                0x000040f0       0x30 build/app_controller.o
                0x000040f0                mono::io::Serial::~Serial()
                0x00004110                non-virtual thunk to mono::io::Serial::~Serial()
                0x00004118                non-virtual thunk to mono::io::Serial::~Serial()
 .text._Z41__static_initialization_and_destruction_0ii
                0x00004120      0x164 build/app_controller.o
 .text._GLOBAL__sub_I__ZN13AppControllerC2Ev
                0x00004284       0x10 build/app_controller.o
 .text._ZN4mbed3SPID2Ev
                0x00004294       0x28 build/mono_default_main.o
                0x00004294                mbed::SPI::~SPI()
                0x00004294                mbed::SPI::~SPI()
 .text._ZN4mbed3SPID0Ev
                0x000042bc       0x20 build/mono_default_main.o
                0x000042bc                mbed::SPI::~SPI()
 .text._ZN4mono12IApplication12enterRunLoopEv
                0x000042dc       0x28 build/mono_default_main.o
                0x000042dc                mono::IApplication::enterRunLoop()
 .text._ZN4mono7redpine22ModuleSPICommunicationD2Ev
                0x00004304       0x34 build/mono_default_main.o
                0x00004304                mono::redpine::ModuleSPICommunication::~ModuleSPICommunication()
                0x00004304                mono::redpine::ModuleSPICommunication::~ModuleSPICommunication()
 .text._ZN13AppControllerD2Ev
                0x00004338       0x48 build/mono_default_main.o
                0x00004338                AppController::~AppController()
                0x00004338                AppController::~AppController()
 .text.main     0x00004380       0x48 build/mono_default_main.o
                0x00004380                main
 .text._Z41__static_initialization_and_destruction_0ii
                0x000043c8      0x164 build/mono_default_main.o
 .text._ZN4mono2ui13TextLabelViewD2Ev
                0x0000452c       0x44 build/mono_default_main.o
                0x0000452c                mono::ui::TextLabelView::~TextLabelView()
                0x0000452c                mono::ui::TextLabelView::~TextLabelView()
 .text._ZN4mono2ui13TextLabelViewD0Ev
                0x00004570       0x20 build/mono_default_main.o
                0x00004570                mono::ui::TextLabelView::~TextLabelView()
 .text._GLOBAL__sub_I_mono_default_main.cpp
                0x00004590       0x10 build/mono_default_main.o
 .text.__aeabi_atexit
                0x000045a0        0xa c:/openmono/gcc-arm-none-eabi-5_2-2015q4-20151219-win32/bin/../lib/gcc/arm-none-eabi/5.2.1/../../../../arm-none-eabi/lib/armv7-m\libstdc++_nano.a(atexit_arm.o)
                0x000045a0                __aeabi_atexit
 .text._ZdlPv   0x000045aa        0x4 c:/openmono/gcc-arm-none-eabi-5_2-2015q4-20151219-win32/bin/../lib/gcc/arm-none-eabi/5.2.1/../../../../arm-none-eabi/lib/armv7-m\libstdc++_nano.a(del_op.o)
                0x000045aa                operator delete(void*)
 .text._Znwj    0x000045ae       0x22 c:/openmono/gcc-arm-none-eabi-5_2-2015q4-20151219-win32/bin/../lib/gcc/arm-none-eabi/5.2.1/../../../../arm-none-eabi/lib/armv7-m\libstdc++_nano.a(new_op.o)
                0x000045ae                operator new(unsigned int)
 .text.__cxa_pure_virtual
                0x000045d0       0x14 c:/openmono/gcc-arm-none-eabi-5_2-2015q4-20151219-win32/bin/../lib/gcc/arm-none-eabi/5.2.1/../../../../arm-none-eabi/lib/armv7-m\libstdc++_nano.a(pure.o)
                0x000045d0                __cxa_pure_virtual
 .text._ZSt15get_new_handlerv
                0x000045e4       0x10 c:/openmono/gcc-arm-none-eabi-5_2-2015q4-20151219-win32/bin/../lib/gcc/arm-none-eabi/5.2.1/../../../../arm-none-eabi/lib/armv7-m\libstdc++_nano.a(new_handler.o)
                0x000045e4                std::get_new_handler()
 .text._ZN10__cxxabiv111__terminateEPFvvE
                0x000045f4        0x8 c:/openmono/gcc-arm-none-eabi-5_2-2015q4-20151219-win32/bin/../lib/gcc/arm-none-eabi/5.2.1/../../../../arm-none-eabi/lib/armv7-m\libstdc++_nano.a(eh_terminate.o)
                0x000045f4                __cxxabiv1::__terminate(void (*)())
 .text._ZSt13get_terminatev
                0x000045fc       0x10 c:/openmono/gcc-arm-none-eabi-5_2-2015q4-20151219-win32/bin/../lib/gcc/arm-none-eabi/5.2.1/../../../../arm-none-eabi/lib/armv7-m\libstdc++_nano.a(eh_terminate.o)
                0x000045fc                std::get_terminate()
 .text._ZSt9terminatev
                0x0000460c        0xa c:/openmono/gcc-arm-none-eabi-5_2-2015q4-20151219-win32/bin/../lib/gcc/arm-none-eabi/5.2.1/../../../../arm-none-eabi/lib/armv7-m\libstdc++_nano.a(eh_terminate.o)
                0x0000460c                std::terminate()
 *fill*         0x00004616        0x2 
 .text._ZN9__gnu_cxx27__verbose_terminate_handlerEv
                0x00004618       0x9c c:/openmono/gcc-arm-none-eabi-5_2-2015q4-20151219-win32/bin/../lib/gcc/arm-none-eabi/5.2.1/../../../../arm-none-eabi/lib/armv7-m\libstdc++_nano.a(vterminate.o)
                0x00004618                __gnu_cxx::__verbose_terminate_handler()
 .text          0x000046b4     0x82b0 c:/openmono/gcc-arm-none-eabi-5_2-2015q4-20151219-win32/bin/../lib/gcc/arm-none-eabi/5.2.1/../../../../arm-none-eabi/lib/armv7-m\libstdc++_nano.a(cp-demangle.o)
                0x0000c884                __cxa_demangle
                0x0000c940                __gcclibcxx_demangle_callback
 .text.__cxa_current_exception_type
                0x0000c964       0x1a c:/openmono/gcc-arm-none-eabi-5_2-2015q4-20151219-win32/bin/../lib/gcc/arm-none-eabi/5.2.1/../../../../arm-none-eabi/lib/armv7-m\libstdc++_nano.a(eh_type.o)
                0x0000c964                __cxa_current_exception_type
 *fill*         0x0000c97e        0x2 
 .text.__cxa_get_globals
                0x0000c980        0x8 c:/openmono/gcc-arm-none-eabi-5_2-2015q4-20151219-win32/bin/../lib/gcc/arm-none-eabi/5.2.1/../../../../arm-none-eabi/lib/armv7-m\libstdc++_nano.a(eh_globals.o)
                0x0000c980                __cxa_get_globals
 .text.abort    0x0000c988        0xe c:/openmono/gcc-arm-none-eabi-5_2-2015q4-20151219-win32/bin/../lib/gcc/arm-none-eabi/5.2.1/../../../../arm-none-eabi/lib/armv7-m\libc_nano.a(lib_a-abort.o)
                0x0000c988                abort
 *fill*         0x0000c996        0x2 
 .text.__cxa_atexit
                0x0000c998       0x1c c:/openmono/gcc-arm-none-eabi-5_2-2015q4-20151219-win32/bin/../lib/gcc/arm-none-eabi/5.2.1/../../../../arm-none-eabi/lib/armv7-m\libc_nano.a(lib_a-cxa_atexit.o)
                0x0000c998                __cxa_atexit
 .text.__errno  0x0000c9b4        0xc c:/openmono/gcc-arm-none-eabi-5_2-2015q4-20151219-win32/bin/../lib/gcc/arm-none-eabi/5.2.1/../../../../arm-none-eabi/lib/armv7-m\libc_nano.a(lib_a-errno.o)
                0x0000c9b4                __errno
 .text.__sflush_r
                0x0000c9c0      0x10c c:/openmono/gcc-arm-none-eabi-5_2-2015q4-20151219-win32/bin/../lib/gcc/arm-none-eabi/5.2.1/../../../../arm-none-eabi/lib/armv7-m\libc_nano.a(lib_a-fflush.o)
                0x0000c9c0                __sflush_r
 .text._fflush_r
                0x0000cacc       0x54 c:/openmono/gcc-arm-none-eabi-5_2-2015q4-20151219-win32/bin/../lib/gcc/arm-none-eabi/5.2.1/../../../../arm-none-eabi/lib/armv7-m\libc_nano.a(lib_a-fflush.o)
                0x0000cacc                _fflush_r
 .text.fflush   0x0000cb20       0x24 c:/openmono/gcc-arm-none-eabi-5_2-2015q4-20151219-win32/bin/../lib/gcc/arm-none-eabi/5.2.1/../../../../arm-none-eabi/lib/armv7-m\libc_nano.a(lib_a-fflush.o)
                0x0000cb20                fflush
 .text._cleanup_r
                0x0000cb44        0xc c:/openmono/gcc-arm-none-eabi-5_2-2015q4-20151219-win32/bin/../lib/gcc/arm-none-eabi/5.2.1/../../../../arm-none-eabi/lib/armv7-m\libc_nano.a(lib_a-findfp.o)
                0x0000cb44                _cleanup_r
 .text.std.isra.0
                0x0000cb50       0x48 c:/openmono/gcc-arm-none-eabi-5_2-2015q4-20151219-win32/bin/../lib/gcc/arm-none-eabi/5.2.1/../../../../arm-none-eabi/lib/armv7-m\libc_nano.a(lib_a-findfp.o)
 .text.__sfmoreglue
                0x0000cb98       0x2c c:/openmono/gcc-arm-none-eabi-5_2-2015q4-20151219-win32/bin/../lib/gcc/arm-none-eabi/5.2.1/../../../../arm-none-eabi/lib/armv7-m\libc_nano.a(lib_a-findfp.o)
                0x0000cb98                __sfmoreglue
 .text.__sinit  0x0000cbc4       0x60 c:/openmono/gcc-arm-none-eabi-5_2-2015q4-20151219-win32/bin/../lib/gcc/arm-none-eabi/5.2.1/../../../../arm-none-eabi/lib/armv7-m\libc_nano.a(lib_a-findfp.o)
                0x0000cbc4                __sinit
 .text.__sfp    0x0000cc24       0x78 c:/openmono/gcc-arm-none-eabi-5_2-2015q4-20151219-win32/bin/../lib/gcc/arm-none-eabi/5.2.1/../../../../arm-none-eabi/lib/armv7-m\libc_nano.a(lib_a-findfp.o)
                0x0000cc24                __sfp
 .text.__sfp_lock_acquire
                0x0000cc9c        0x2 c:/openmono/gcc-arm-none-eabi-5_2-2015q4-20151219-win32/bin/../lib/gcc/arm-none-eabi/5.2.1/../../../../arm-none-eabi/lib/armv7-m\libc_nano.a(lib_a-findfp.o)
                0x0000cc9c                __sfp_lock_acquire
 .text.__sfp_lock_release
                0x0000cc9e        0x2 c:/openmono/gcc-arm-none-eabi-5_2-2015q4-20151219-win32/bin/../lib/gcc/arm-none-eabi/5.2.1/../../../../arm-none-eabi/lib/armv7-m\libc_nano.a(lib_a-findfp.o)
                0x0000cc9e                __sfp_lock_release
 .text._fputs_r
                0x0000cca0       0xa8 c:/openmono/gcc-arm-none-eabi-5_2-2015q4-20151219-win32/bin/../lib/gcc/arm-none-eabi/5.2.1/../../../../arm-none-eabi/lib/armv7-m\libc_nano.a(lib_a-fputs.o)
                0x0000cca0                _fputs_r
 .text.fputs    0x0000cd48       0x10 c:/openmono/gcc-arm-none-eabi-5_2-2015q4-20151219-win32/bin/../lib/gcc/arm-none-eabi/5.2.1/../../../../arm-none-eabi/lib/armv7-m\libc_nano.a(lib_a-fputs.o)
                0x0000cd48                fputs
 .text._fwalk_reent
                0x0000cd58       0x3c c:/openmono/gcc-arm-none-eabi-5_2-2015q4-20151219-win32/bin/../lib/gcc/arm-none-eabi/5.2.1/../../../../arm-none-eabi/lib/armv7-m\libc_nano.a(lib_a-fwalk.o)
                0x0000cd58                _fwalk_reent
 .text.__libc_init_array
                0x0000cd94       0x4c c:/openmono/gcc-arm-none-eabi-5_2-2015q4-20151219-win32/bin/../lib/gcc/arm-none-eabi/5.2.1/../../../../arm-none-eabi/lib/armv7-m\libc_nano.a(lib_a-init.o)
                0x0000cd94                __libc_init_array
 .text.malloc   0x0000cde0       0x10 c:/openmono/gcc-arm-none-eabi-5_2-2015q4-20151219-win32/bin/../lib/gcc/arm-none-eabi/5.2.1/../../../../arm-none-eabi/lib/armv7-m\libc_nano.a(lib_a-malloc.o)
                0x0000cde0                malloc
 .text.free     0x0000cdf0       0x10 c:/openmono/gcc-arm-none-eabi-5_2-2015q4-20151219-win32/bin/../lib/gcc/arm-none-eabi/5.2.1/../../../../arm-none-eabi/lib/armv7-m\libc_nano.a(lib_a-malloc.o)
                0x0000cdf0                free
 .text.memchr   0x0000ce00       0x1c c:/openmono/gcc-arm-none-eabi-5_2-2015q4-20151219-win32/bin/../lib/gcc/arm-none-eabi/5.2.1/../../../../arm-none-eabi/lib/armv7-m\libc_nano.a(lib_a-memchr-stub.o)
                0x0000ce00                memchr
 .text.memcmp   0x0000ce1c       0x1e c:/openmono/gcc-arm-none-eabi-5_2-2015q4-20151219-win32/bin/../lib/gcc/arm-none-eabi/5.2.1/../../../../arm-none-eabi/lib/armv7-m\libc_nano.a(lib_a-memcmp.o)
                0x0000ce1c                memcmp
 .text.memcpy   0x0000ce3a       0x16 c:/openmono/gcc-arm-none-eabi-5_2-2015q4-20151219-win32/bin/../lib/gcc/arm-none-eabi/5.2.1/../../../../arm-none-eabi/lib/armv7-m\libc_nano.a(lib_a-memcpy-stub.o)
                0x0000ce3a                memcpy
 .text.memset   0x0000ce50       0x10 c:/openmono/gcc-arm-none-eabi-5_2-2015q4-20151219-win32/bin/../lib/gcc/arm-none-eabi/5.2.1/../../../../arm-none-eabi/lib/armv7-m\libc_nano.a(lib_a-memset.o)
                0x0000ce50                memset
 .text._free_r  0x0000ce60       0x88 c:/openmono/gcc-arm-none-eabi-5_2-2015q4-20151219-win32/bin/../lib/gcc/arm-none-eabi/5.2.1/../../../../arm-none-eabi/lib/armv7-m\libc_nano.a(lib_a-nano-freer.o)
                0x0000ce60                _free_r
 .text._malloc_r
                0x0000cee8       0xa8 c:/openmono/gcc-arm-none-eabi-5_2-2015q4-20151219-win32/bin/../lib/gcc/arm-none-eabi/5.2.1/../../../../arm-none-eabi/lib/armv7-m\libc_nano.a(lib_a-nano-mallocr.o)
                0x0000cee8                _malloc_r
 .text.realloc  0x0000cf90       0x10 c:/openmono/gcc-arm-none-eabi-5_2-2015q4-20151219-win32/bin/../lib/gcc/arm-none-eabi/5.2.1/../../../../arm-none-eabi/lib/armv7-m\libc_nano.a(lib_a-realloc.o)
                0x0000cf90                realloc
 .text._sbrk_r  0x0000cfa0       0x20 c:/openmono/gcc-arm-none-eabi-5_2-2015q4-20151219-win32/bin/../lib/gcc/arm-none-eabi/5.2.1/../../../../arm-none-eabi/lib/armv7-m\libc_nano.a(lib_a-sbrkr.o)
                0x0000cfa0                _sbrk_r
 .text.setbuf   0x0000cfc0       0x10 c:/openmono/gcc-arm-none-eabi-5_2-2015q4-20151219-win32/bin/../lib/gcc/arm-none-eabi/5.2.1/../../../../arm-none-eabi/lib/armv7-m\libc_nano.a(lib_a-setbuf.o)
                0x0000cfc0                setbuf
 .text.setvbuf  0x0000cfd0      0x110 c:/openmono/gcc-arm-none-eabi-5_2-2015q4-20151219-win32/bin/../lib/gcc/arm-none-eabi/5.2.1/../../../../arm-none-eabi/lib/armv7-m\libc_nano.a(lib_a-setvbuf.o)
                0x0000cfd0                setvbuf
 .text._raise_r
                0x0000d0e0       0x54 c:/openmono/gcc-arm-none-eabi-5_2-2015q4-20151219-win32/bin/../lib/gcc/arm-none-eabi/5.2.1/../../../../arm-none-eabi/lib/armv7-m\libc_nano.a(lib_a-signal.o)
                0x0000d0e0                _raise_r
 .text.raise    0x0000d134       0x10 c:/openmono/gcc-arm-none-eabi-5_2-2015q4-20151219-win32/bin/../lib/gcc/arm-none-eabi/5.2.1/../../../../arm-none-eabi/lib/armv7-m\libc_nano.a(lib_a-signal.o)
                0x0000d134                raise
 .text._kill_r  0x0000d144       0x24 c:/openmono/gcc-arm-none-eabi-5_2-2015q4-20151219-win32/bin/../lib/gcc/arm-none-eabi/5.2.1/../../../../arm-none-eabi/lib/armv7-m\libc_nano.a(lib_a-signalr.o)
                0x0000d144                _kill_r
 .text._getpid_r
                0x0000d168        0x4 c:/openmono/gcc-arm-none-eabi-5_2-2015q4-20151219-win32/bin/../lib/gcc/arm-none-eabi/5.2.1/../../../../arm-none-eabi/lib/armv7-m\libc_nano.a(lib_a-signalr.o)
                0x0000d168                _getpid_r
 .text.sprintf  0x0000d16c       0x48 c:/openmono/gcc-arm-none-eabi-5_2-2015q4-20151219-win32/bin/../lib/gcc/arm-none-eabi/5.2.1/../../../../arm-none-eabi/lib/armv7-m\libc_nano.a(lib_a-sprintf.o)
                0x0000d16c                siprintf
                0x0000d16c                sprintf
 .text.sscanf   0x0000d1b4       0x54 c:/openmono/gcc-arm-none-eabi-5_2-2015q4-20151219-win32/bin/../lib/gcc/arm-none-eabi/5.2.1/../../../../arm-none-eabi/lib/armv7-m\libc_nano.a(lib_a-sscanf.o)
                0x0000d1b4                siscanf
                0x0000d1b4                sscanf
 .text.__sread  0x0000d208       0x22 c:/openmono/gcc-arm-none-eabi-5_2-2015q4-20151219-win32/bin/../lib/gcc/arm-none-eabi/5.2.1/../../../../arm-none-eabi/lib/armv7-m\libc_nano.a(lib_a-stdio.o)
                0x0000d208                __sread
 .text.__seofread
                0x0000d22a        0x4 c:/openmono/gcc-arm-none-eabi-5_2-2015q4-20151219-win32/bin/../lib/gcc/arm-none-eabi/5.2.1/../../../../arm-none-eabi/lib/armv7-m\libc_nano.a(lib_a-stdio.o)
                0x0000d22a                __seofread
 .text.__swrite
                0x0000d22e       0x38 c:/openmono/gcc-arm-none-eabi-5_2-2015q4-20151219-win32/bin/../lib/gcc/arm-none-eabi/5.2.1/../../../../arm-none-eabi/lib/armv7-m\libc_nano.a(lib_a-stdio.o)
                0x0000d22e                __swrite
 .text.__sseek  0x0000d266       0x24 c:/openmono/gcc-arm-none-eabi-5_2-2015q4-20151219-win32/bin/../lib/gcc/arm-none-eabi/5.2.1/../../../../arm-none-eabi/lib/armv7-m\libc_nano.a(lib_a-stdio.o)
                0x0000d266                __sseek
 .text.__sclose
                0x0000d28a        0x8 c:/openmono/gcc-arm-none-eabi-5_2-2015q4-20151219-win32/bin/../lib/gcc/arm-none-eabi/5.2.1/../../../../arm-none-eabi/lib/armv7-m\libc_nano.a(lib_a-stdio.o)
                0x0000d28a                __sclose
 .text          0x0000d292       0x14 c:/openmono/gcc-arm-none-eabi-5_2-2015q4-20151219-win32/bin/../lib/gcc/arm-none-eabi/5.2.1/../../../../arm-none-eabi/lib/armv7-m\libc_nano.a(lib_a-strcmp.o)
                0x0000d292                strcmp
 .text          0x0000d2a6       0x10 c:/openmono/gcc-arm-none-eabi-5_2-2015q4-20151219-win32/bin/../lib/gcc/arm-none-eabi/5.2.1/../../../../arm-none-eabi/lib/armv7-m\libc_nano.a(lib_a-strlen.o)
                0x0000d2a6                strlen
 .text.strncmp  0x0000d2b6       0x2a c:/openmono/gcc-arm-none-eabi-5_2-2015q4-20151219-win32/bin/../lib/gcc/arm-none-eabi/5.2.1/../../../../arm-none-eabi/lib/armv7-m\libc_nano.a(lib_a-strncmp.o)
                0x0000d2b6                strncmp
 .text.write    0x0000d2e0       0x14 c:/openmono/gcc-arm-none-eabi-5_2-2015q4-20151219-win32/bin/../lib/gcc/arm-none-eabi/5.2.1/../../../../arm-none-eabi/lib/armv7-m\libc_nano.a(lib_a-syswrite.o)
                0x0000d2e0                write
 .text.__swbuf_r
                0x0000d2f4       0xa8 c:/openmono/gcc-arm-none-eabi-5_2-2015q4-20151219-win32/bin/../lib/gcc/arm-none-eabi/5.2.1/../../../../arm-none-eabi/lib/armv7-m\libc_nano.a(lib_a-wbuf.o)
                0x0000d2f4                __swbuf_r
 .text._write_r
                0x0000d39c       0x24 c:/openmono/gcc-arm-none-eabi-5_2-2015q4-20151219-win32/bin/../lib/gcc/arm-none-eabi/5.2.1/../../../../arm-none-eabi/lib/armv7-m\libc_nano.a(lib_a-writer.o)
                0x0000d39c                _write_r
 .text.__swsetup_r
                0x0000d3c0       0xd8 c:/openmono/gcc-arm-none-eabi-5_2-2015q4-20151219-win32/bin/../lib/gcc/arm-none-eabi/5.2.1/../../../../arm-none-eabi/lib/armv7-m\libc_nano.a(lib_a-wsetup.o)
                0x0000d3c0                __swsetup_r
 .text._close_r
                0x0000d498       0x20 c:/openmono/gcc-arm-none-eabi-5_2-2015q4-20151219-win32/bin/../lib/gcc/arm-none-eabi/5.2.1/../../../../arm-none-eabi/lib/armv7-m\libc_nano.a(lib_a-closer.o)
                0x0000d498                _close_r
 .text._lseek_r
                0x0000d4b8       0x24 c:/openmono/gcc-arm-none-eabi-5_2-2015q4-20151219-win32/bin/../lib/gcc/arm-none-eabi/5.2.1/../../../../arm-none-eabi/lib/armv7-m\libc_nano.a(lib_a-lseekr.o)
                0x0000d4b8                _lseek_r
 .text.__smakebuf_r
                0x0000d4dc       0x98 c:/openmono/gcc-arm-none-eabi-5_2-2015q4-20151219-win32/bin/../lib/gcc/arm-none-eabi/5.2.1/../../../../arm-none-eabi/lib/armv7-m\libc_nano.a(lib_a-makebuf.o)
                0x0000d4dc                __smakebuf_r
 .text._realloc_r
                0x0000d574       0x4c c:/openmono/gcc-arm-none-eabi-5_2-2015q4-20151219-win32/bin/../lib/gcc/arm-none-eabi/5.2.1/../../../../arm-none-eabi/lib/armv7-m\libc_nano.a(lib_a-nano-reallocr.o)
                0x0000d574                _realloc_r
 .text.__ssputs_r
                0x0000d5c0       0xb2 c:/openmono/gcc-arm-none-eabi-5_2-2015q4-20151219-win32/bin/../lib/gcc/arm-none-eabi/5.2.1/../../../../arm-none-eabi/lib/armv7-m\libc_nano.a(lib_a-nano-svfprintf.o)
                0x0000d5c0                __ssputs_r
 *fill*         0x0000d672        0x2 
 .text._svfprintf_r
                0x0000d674      0x1e8 c:/openmono/gcc-arm-none-eabi-5_2-2015q4-20151219-win32/bin/../lib/gcc/arm-none-eabi/5.2.1/../../../../arm-none-eabi/lib/armv7-m\libc_nano.a(lib_a-nano-svfprintf.o)
                0x0000d674                _svfiprintf_r
                0x0000d674                _svfprintf_r
 .text._sungetc_r
                0x0000d85c       0x7c c:/openmono/gcc-arm-none-eabi-5_2-2015q4-20151219-win32/bin/../lib/gcc/arm-none-eabi/5.2.1/../../../../arm-none-eabi/lib/armv7-m\libc_nano.a(lib_a-nano-svfscanf.o)
                0x0000d85c                _sungetc_r
 .text.__ssrefill_r
                0x0000d8d8       0x3a c:/openmono/gcc-arm-none-eabi-5_2-2015q4-20151219-win32/bin/../lib/gcc/arm-none-eabi/5.2.1/../../../../arm-none-eabi/lib/armv7-m\libc_nano.a(lib_a-nano-svfscanf.o)
                0x0000d8d8                __ssrefill_r
 *fill*         0x0000d912        0x2 
 .text.__ssvfscanf_r
                0x0000d914      0x29c c:/openmono/gcc-arm-none-eabi-5_2-2015q4-20151219-win32/bin/../lib/gcc/arm-none-eabi/5.2.1/../../../../arm-none-eabi/lib/armv7-m\libc_nano.a(lib_a-nano-svfscanf.o)
                0x0000d914                __ssvfiscanf_r
                0x0000d914                __ssvfscanf_r
 .text._printf_common
                0x0000dbb0       0xec c:/openmono/gcc-arm-none-eabi-5_2-2015q4-20151219-win32/bin/../lib/gcc/arm-none-eabi/5.2.1/../../../../arm-none-eabi/lib/armv7-m\libc_nano.a(lib_a-nano-vfprintf_i.o)
                0x0000dbb0                _printf_common
 .text._printf_i
                0x0000dc9c      0x24c c:/openmono/gcc-arm-none-eabi-5_2-2015q4-20151219-win32/bin/../lib/gcc/arm-none-eabi/5.2.1/../../../../arm-none-eabi/lib/armv7-m\libc_nano.a(lib_a-nano-vfprintf_i.o)
                0x0000dc9c                _printf_i
 .text._scanf_chars
                0x0000dee8       0xcc c:/openmono/gcc-arm-none-eabi-5_2-2015q4-20151219-win32/bin/../lib/gcc/arm-none-eabi/5.2.1/../../../../arm-none-eabi/lib/armv7-m\libc_nano.a(lib_a-nano-vfscanf_i.o)
                0x0000dee8                _scanf_chars
 .text._scanf_i
                0x0000dfb4      0x1e4 c:/openmono/gcc-arm-none-eabi-5_2-2015q4-20151219-win32/bin/../lib/gcc/arm-none-eabi/5.2.1/../../../../arm-none-eabi/lib/armv7-m\libc_nano.a(lib_a-nano-vfscanf_i.o)
                0x0000dfb4                _scanf_i
 .text._read_r  0x0000e198       0x24 c:/openmono/gcc-arm-none-eabi-5_2-2015q4-20151219-win32/bin/../lib/gcc/arm-none-eabi/5.2.1/../../../../arm-none-eabi/lib/armv7-m\libc_nano.a(lib_a-readr.o)
                0x0000e198                _read_r
 .text.__sccl   0x0000e1bc       0x60 c:/openmono/gcc-arm-none-eabi-5_2-2015q4-20151219-win32/bin/../lib/gcc/arm-none-eabi/5.2.1/../../../../arm-none-eabi/lib/armv7-m\libc_nano.a(lib_a-sccl.o)
                0x0000e1bc                __sccl
 .text._strtol_r
                0x0000e21c      0x10c c:/openmono/gcc-arm-none-eabi-5_2-2015q4-20151219-win32/bin/../lib/gcc/arm-none-eabi/5.2.1/../../../../arm-none-eabi/lib/armv7-m\libc_nano.a(lib_a-strtol.o)
                0x0000e21c                _strtol_r
 .text._strtoul_r
                0x0000e328       0xfc c:/openmono/gcc-arm-none-eabi-5_2-2015q4-20151219-win32/bin/../lib/gcc/arm-none-eabi/5.2.1/../../../../arm-none-eabi/lib/armv7-m\libc_nano.a(lib_a-strtoul.o)
                0x0000e328                _strtoul_r
 .text.__submore
                0x0000e424       0x72 c:/openmono/gcc-arm-none-eabi-5_2-2015q4-20151219-win32/bin/../lib/gcc/arm-none-eabi/5.2.1/../../../../arm-none-eabi/lib/armv7-m\libc_nano.a(lib_a-ungetc.o)
                0x0000e424                __submore
 *fill*         0x0000e496        0x2 
 .text._fstat_r
                0x0000e498       0x24 c:/openmono/gcc-arm-none-eabi-5_2-2015q4-20151219-win32/bin/../lib/gcc/arm-none-eabi/5.2.1/../../../../arm-none-eabi/lib/armv7-m\libc_nano.a(lib_a-fstatr.o)
                0x0000e498                _fstat_r
 .text._isatty_r
                0x0000e4bc       0x20 c:/openmono/gcc-arm-none-eabi-5_2-2015q4-20151219-win32/bin/../lib/gcc/arm-none-eabi/5.2.1/../../../../arm-none-eabi/lib/armv7-m\libc_nano.a(lib_a-isattyr.o)
                0x0000e4bc                _isatty_r
 .text.memmove  0x0000e4dc       0x36 c:/openmono/gcc-arm-none-eabi-5_2-2015q4-20151219-win32/bin/../lib/gcc/arm-none-eabi/5.2.1/../../../../arm-none-eabi/lib/armv7-m\libc_nano.a(lib_a-memmove.o)
                0x0000e4dc                memmove
 .text._malloc_usable_size_r
                0x0000e512       0x14 c:/openmono/gcc-arm-none-eabi-5_2-2015q4-20151219-win32/bin/../lib/gcc/arm-none-eabi/5.2.1/../../../../arm-none-eabi/lib/armv7-m\libc_nano.a(lib_a-nano-msizer.o)
                0x0000e512                _malloc_usable_size_r
 *fill*         0x0000e526        0x2 
 .text          0x0000e528       0x30 c:/openmono/gcc-arm-none-eabi-5_2-2015q4-20151219-win32/bin/../lib/gcc/arm-none-eabi/5.2.1/armv7-m\libgcc.a(_aeabi_uldivmod.o)
                0x0000e528                __aeabi_uldivmod
 .text          0x0000e558      0x2ec c:/openmono/gcc-arm-none-eabi-5_2-2015q4-20151219-win32/bin/../lib/gcc/arm-none-eabi/5.2.1/armv7-m\libgcc.a(_udivmoddi4.o)
                0x0000e558                __udivmoddi4
 .text          0x0000e844        0x4 c:/openmono/gcc-arm-none-eabi-5_2-2015q4-20151219-win32/bin/../lib/gcc/arm-none-eabi/5.2.1/armv7-m\libgcc.a(_dvmd_tls.o)
                0x0000e844                __aeabi_idiv0
                0x0000e844                __aeabi_ldiv0
 .text._getpid  0x0000e848       0x10 c:/openmono/gcc-arm-none-eabi-5_2-2015q4-20151219-win32/bin/../lib/gcc/arm-none-eabi/5.2.1/../../../../arm-none-eabi/lib/armv7-m\libnosys.a(getpid.o)
                0x0000e848                _getpid
 .text._kill    0x0000e858       0x10 c:/openmono/gcc-arm-none-eabi-5_2-2015q4-20151219-win32/bin/../lib/gcc/arm-none-eabi/5.2.1/../../../../arm-none-eabi/lib/armv7-m\libnosys.a(kill.o)
                0x0000e858                _kill
 .text.PWM_Enable
                0x0000e868       0x10 c:/OpenMono/mono/monoCyLib.a(PWM.o)
                0x0000e868                PWM_Enable
 .text.PWM_Stop
                0x0000e878       0x10 c:/OpenMono/mono/monoCyLib.a(PWM.o)
                0x0000e878                PWM_Stop
 .text.PWM_WriteCounter
                0x0000e888        0xc c:/OpenMono/mono/monoCyLib.a(PWM.o)
                0x0000e888                PWM_WriteCounter
 .text.PWM_ReadCounter
                0x0000e894       0x14 c:/OpenMono/mono/monoCyLib.a(PWM.o)
                0x0000e894                PWM_ReadCounter
 .text.PWM_ClearFIFO
                0x0000e8a8       0x18 c:/OpenMono/mono/monoCyLib.a(PWM.o)
                0x0000e8a8                PWM_ClearFIFO
 .text.PWM_Init
                0x0000e8c0       0x50 c:/OpenMono/mono/monoCyLib.a(PWM.o)
                0x0000e8c0                PWM_Init
 .text.PWM_Start
                0x0000e910       0x1c c:/OpenMono/mono/monoCyLib.a(PWM.o)
                0x0000e910                PWM_Start
 .text.PWM_WritePeriod
                0x0000e92c        0xc c:/OpenMono/mono/monoCyLib.a(PWM.o)
                0x0000e92c                PWM_WritePeriod
 .text.PWM_WriteCompare1
                0x0000e938        0xc c:/OpenMono/mono/monoCyLib.a(PWM.o)
                0x0000e938                PWM_WriteCompare1
 .text.PWM_WriteCompare2
                0x0000e944        0xc c:/OpenMono/mono/monoCyLib.a(PWM.o)
                0x0000e944                PWM_WriteCompare2
 .text.PWM_ReadControlRegister
                0x0000e950        0xc c:/OpenMono/mono/monoCyLib.a(PWM.o)
                0x0000e950                PWM_ReadControlRegister
 .text.PWM_WriteControlRegister
                0x0000e95c        0xc c:/OpenMono/mono/monoCyLib.a(PWM.o)
                0x0000e95c                PWM_WriteControlRegister
 .text.PWM_ReadCompare1
                0x0000e968        0xc c:/OpenMono/mono/monoCyLib.a(PWM.o)
                0x0000e968                PWM_ReadCompare1
 .text.PWM_ReadPeriod
                0x0000e974        0xc c:/OpenMono/mono/monoCyLib.a(PWM.o)
                0x0000e974                PWM_ReadPeriod
 .text.USBUART_Init
                0x0000e980      0x13c c:/OpenMono/mono/monoCyLib.a(USBUART.o)
                0x0000e980                USBUART_Init
 .text.USBUART_InitComponent
                0x0000eabc       0xa4 c:/OpenMono/mono/monoCyLib.a(USBUART.o)
                0x0000eabc                USBUART_InitComponent
 .text.USBUART_Start
                0x0000eb60       0x24 c:/OpenMono/mono/monoCyLib.a(USBUART.o)
                0x0000eb60                USBUART_Start
 .text.USBUART_ReInitComponent
                0x0000eb84       0x4c c:/OpenMono/mono/monoCyLib.a(USBUART.o)
                0x0000eb84                USBUART_ReInitComponent
 .text.USBUART_Stop
                0x0000ebd0       0x90 c:/OpenMono/mono/monoCyLib.a(USBUART.o)
                0x0000ebd0                USBUART_Stop
 .text.USBUART_GetConfiguration
                0x0000ec60        0xc c:/OpenMono/mono/monoCyLib.a(USBUART.o)
                0x0000ec60                USBUART_GetConfiguration
 .text.USBUART_IsConfigurationChanged
                0x0000ec6c       0x18 c:/OpenMono/mono/monoCyLib.a(USBUART.o)
                0x0000ec6c                USBUART_IsConfigurationChanged
 .text.USBUART_GetEPState
                0x0000ec84       0x10 c:/OpenMono/mono/monoCyLib.a(USBUART.o)
                0x0000ec84                USBUART_GetEPState
 .text.USBUART_GetEPCount
                0x0000ec94       0x28 c:/OpenMono/mono/monoCyLib.a(USBUART.o)
                0x0000ec94                USBUART_GetEPCount
 .text.USBUART_LoadInEP
                0x0000ecbc       0x7c c:/OpenMono/mono/monoCyLib.a(USBUART.o)
                0x0000ecbc                USBUART_LoadInEP
 .text.USBUART_EnableOutEP
                0x0000ed38       0x28 c:/OpenMono/mono/monoCyLib.a(USBUART.o)
                0x0000ed38                USBUART_EnableOutEP
 .text.USBUART_ReadOutEP
                0x0000ed60       0x4c c:/OpenMono/mono/monoCyLib.a(USBUART.o)
                0x0000ed60                USBUART_ReadOutEP
 .text.USBUART_GetInterfaceComPort
                0x0000edac       0x30 c:/OpenMono/mono/monoCyLib.a(USBUART_cdc.o)
                0x0000edac                USBUART_GetInterfaceComPort
 .text.USBUART_DispatchCDCClassRqst
                0x0000eddc       0x90 c:/OpenMono/mono/monoCyLib.a(USBUART_cdc.o)
                0x0000eddc                USBUART_DispatchCDCClassRqst
 .text.USBUART_CDC_Init
                0x0000ee6c       0x70 c:/OpenMono/mono/monoCyLib.a(USBUART_cdc.o)
                0x0000ee6c                USBUART_CDC_Init
 .text.USBUART_PutData
                0x0000eedc       0x44 c:/OpenMono/mono/monoCyLib.a(USBUART_cdc.o)
                0x0000eedc                USBUART_PutData
 .text.USBUART_PutChar
                0x0000ef20       0x24 c:/OpenMono/mono/monoCyLib.a(USBUART_cdc.o)
                0x0000ef20                USBUART_PutChar
 .text.USBUART_GetCount
                0x0000ef44       0x2c c:/OpenMono/mono/monoCyLib.a(USBUART_cdc.o)
                0x0000ef44                USBUART_GetCount
 .text.USBUART_DataIsReady
                0x0000ef70       0x14 c:/OpenMono/mono/monoCyLib.a(USBUART_cdc.o)
                0x0000ef70                USBUART_DataIsReady
 .text.USBUART_CDCIsReady
                0x0000ef84       0x14 c:/OpenMono/mono/monoCyLib.a(USBUART_cdc.o)
                0x0000ef84                USBUART_CDCIsReady
 .text.USBUART_GetData
                0x0000ef98       0x1c c:/OpenMono/mono/monoCyLib.a(USBUART_cdc.o)
                0x0000ef98                USBUART_GetData
 .text.USBUART_GetAll
                0x0000efb4       0x2c c:/OpenMono/mono/monoCyLib.a(USBUART_cdc.o)
                0x0000efb4                USBUART_GetAll
 .text.USBUART_GetChar
                0x0000efe0       0x28 c:/OpenMono/mono/monoCyLib.a(USBUART_cdc.o)
                0x0000efe0                USBUART_GetChar
 .text.USBUART_GetLineControl
                0x0000f008       0x18 c:/OpenMono/mono/monoCyLib.a(USBUART_cdc.o)
                0x0000f008                USBUART_GetLineControl
 .text.USBUART_Cdc_EpInit
                0x0000f020       0x50 c:/OpenMono/mono/monoCyLib.a(USBUART_cdc.o)
                0x0000f020                USBUART_Cdc_EpInit
 .text.USBUART_LoadEP0
                0x0000f070       0x8c c:/OpenMono/mono/monoCyLib.a(USBUART_drv.o)
                0x0000f070                USBUART_LoadEP0
 .text.USBUART_InitZeroLengthControlTransfer
                0x0000f0fc       0x34 c:/OpenMono/mono/monoCyLib.a(USBUART_drv.o)
                0x0000f0fc                USBUART_InitZeroLengthControlTransfer
 .text.USBUART_ControlWriteDataStage
                0x0000f130       0x78 c:/OpenMono/mono/monoCyLib.a(USBUART_drv.o)
                0x0000f130                USBUART_ControlWriteDataStage
 .text.USBUART_InitNoDataControlTransfer
                0x0000f1a8       0x2c c:/OpenMono/mono/monoCyLib.a(USBUART_drv.o)
                0x0000f1a8                USBUART_InitNoDataControlTransfer
 .text.USBUART_UpdateStatusBlock
                0x0000f1d4       0x20 c:/OpenMono/mono/monoCyLib.a(USBUART_drv.o)
                0x0000f1d4                USBUART_UpdateStatusBlock
 .text.USBUART_HandleSetup
                0x0000f1f4       0x58 c:/OpenMono/mono/monoCyLib.a(USBUART_drv.o)
                0x0000f1f4                USBUART_HandleSetup
 .text.USBUART_ControlReadStatusStage
                0x0000f24c       0x34 c:/OpenMono/mono/monoCyLib.a(USBUART_drv.o)
                0x0000f24c                USBUART_ControlReadStatusStage
 .text.USBUART_HandleOUT
                0x0000f280       0x3c c:/OpenMono/mono/monoCyLib.a(USBUART_drv.o)
                0x0000f280                USBUART_HandleOUT
 .text.USBUART_ControlWriteStatusStage
                0x0000f2bc       0x20 c:/OpenMono/mono/monoCyLib.a(USBUART_drv.o)
                0x0000f2bc                USBUART_ControlWriteStatusStage
 .text.USBUART_NoDataControlStatusStage
                0x0000f2dc       0x3c c:/OpenMono/mono/monoCyLib.a(USBUART_drv.o)
                0x0000f2dc                USBUART_NoDataControlStatusStage
 .text.USBUART_HandleIN
                0x0000f318       0x24 c:/OpenMono/mono/monoCyLib.a(USBUART_drv.o)
                0x0000f318                USBUART_HandleIN
 .text.USBUART_EP_0_ISR
                0x0000f33c       0x8c c:/OpenMono/mono/monoCyLib.a(USBUART_drv.o)
                0x0000f33c                USBUART_EP_0_ISR
 .text.USBUART_InitializeStatusBlock
                0x0000f3c8       0x20 c:/OpenMono/mono/monoCyLib.a(USBUART_drv.o)
                0x0000f3c8                USBUART_InitializeStatusBlock
 .text.USBUART_InitControlRead
                0x0000f3e8       0x4c c:/OpenMono/mono/monoCyLib.a(USBUART_drv.o)
                0x0000f3e8                USBUART_InitControlRead
 .text.USBUART_InitControlWrite
                0x0000f434       0x48 c:/OpenMono/mono/monoCyLib.a(USBUART_drv.o)
                0x0000f434                USBUART_InitControlWrite
 .text.USBUART_EP_1_ISR
                0x0000f47c       0x34 c:/OpenMono/mono/monoCyLib.a(USBUART_episr.o)
                0x0000f47c                USBUART_EP_1_ISR
 .text.USBUART_EP_2_ISR
                0x0000f4b0       0x38 c:/OpenMono/mono/monoCyLib.a(USBUART_episr.o)
                0x0000f4b0                USBUART_EP_2_ISR
 .text.USBUART_EP_3_ISR
                0x0000f4e8       0x40 c:/OpenMono/mono/monoCyLib.a(USBUART_episr.o)
                0x0000f4e8                USBUART_EP_3_ISR
 .text.USBUART_SOF_ISR
                0x0000f528        0x2 c:/OpenMono/mono/monoCyLib.a(USBUART_episr.o)
                0x0000f528                USBUART_SOF_ISR
 .text.USBUART_BUS_RESET_ISR
                0x0000f52a        0x4 c:/OpenMono/mono/monoCyLib.a(USBUART_episr.o)
                0x0000f52a                USBUART_BUS_RESET_ISR
 .text.USBUART_DP_ISR
                0x0000f52e        0x4 c:/OpenMono/mono/monoCyLib.a(USBUART_pm.o)
                0x0000f52e                USBUART_DP_ISR
 *fill*         0x0000f532        0x2 
 .text.USBUART_ReadDieID
                0x0000f534       0x6c c:/OpenMono/mono/monoCyLib.a(USBUART_std.o)
                0x0000f534                USBUART_ReadDieID
 .text.USBUART_ConfigReg
                0x0000f5a0       0x80 c:/OpenMono/mono/monoCyLib.a(USBUART_std.o)
                0x0000f5a0                USBUART_ConfigReg
 .text.USBUART_GetConfigTablePtr
                0x0000f620       0x24 c:/OpenMono/mono/monoCyLib.a(USBUART_std.o)
                0x0000f620                USBUART_GetConfigTablePtr
 .text.USBUART_ConfigAltChanged
                0x0000f644      0x128 c:/OpenMono/mono/monoCyLib.a(USBUART_std.o)
                0x0000f644                USBUART_ConfigAltChanged
 .text.USBUART_GetInterfaceClassTablePtr
                0x0000f76c       0x20 c:/OpenMono/mono/monoCyLib.a(USBUART_std.o)
                0x0000f76c                USBUART_GetInterfaceClassTablePtr
 .text.USBUART_Config
                0x0000f78c      0x174 c:/OpenMono/mono/monoCyLib.a(USBUART_std.o)
                0x0000f78c                USBUART_Config
 .text.USBUART_SetEndpointHalt
                0x0000f900       0x54 c:/OpenMono/mono/monoCyLib.a(USBUART_std.o)
                0x0000f900                USBUART_SetEndpointHalt
 .text.USBUART_ClearEndpointHalt
                0x0000f954       0x70 c:/OpenMono/mono/monoCyLib.a(USBUART_std.o)
                0x0000f954                USBUART_ClearEndpointHalt
 .text.USBUART_ValidateAlternateSetting
                0x0000f9c4       0x48 c:/OpenMono/mono/monoCyLib.a(USBUART_std.o)
                0x0000f9c4                USBUART_ValidateAlternateSetting
 .text.USBUART_HandleStandardRqst
                0x0000fa0c      0x274 c:/OpenMono/mono/monoCyLib.a(USBUART_std.o)
                0x0000fa0c                USBUART_HandleStandardRqst
 .text.USBUART_HandleVendorRqst
                0x0000fc80       0x2c c:/OpenMono/mono/monoCyLib.a(USBUART_vnd.o)
                0x0000fc80                USBUART_HandleVendorRqst
 .text.USBUART_Dp_ClearInterrupt
                0x0000fcac       0x10 c:/OpenMono/mono/monoCyLib.a(USBUART_Dp.o)
                0x0000fcac                USBUART_Dp_ClearInterrupt
 .text.USBUART_DispatchClassRqst
                0x0000fcbc       0x48 c:/OpenMono/mono/monoCyLib.a(USBUART_cls.o)
                0x0000fcbc                USBUART_DispatchClassRqst
 .text._ZN4mbed3SPIC2E7PinNameS1_S1_S1_
                0x0000fd04       0x60 c:/OpenMono/mono/mbedlib.a(SPI.o)
                0x0000fd04                mbed::SPI::SPI(PinName, PinName, PinName, PinName)
                0x0000fd04                mbed::SPI::SPI(PinName, PinName, PinName, PinName)
 .text._ZN4mbed3SPI6aquireEv
                0x0000fd64       0x2c c:/OpenMono/mono/mbedlib.a(SPI.o)
                0x0000fd64                mbed::SPI::aquire()
 .text._ZN4mbed3SPI6formatEii
                0x0000fd90       0x14 c:/OpenMono/mono/mbedlib.a(SPI.o)
                0x0000fd90                mbed::SPI::format(int, int)
 .text._ZN4mbed3SPI5writeEi
                0x0000fda4       0x16 c:/OpenMono/mono/mbedlib.a(SPI.o)
                0x0000fda4                mbed::SPI::write(int)
 .text._ZN4mbed6Serial5_getcEv
                0x0000fdba        0x4 c:/OpenMono/mono/mbedlib.a(Serial.o)
                0x0000fdba                mbed::Serial::_getc()
 .text._ZThn64_N4mbed6Serial5_getcEv
                0x0000fdbe        0x8 c:/OpenMono/mono/mbedlib.a(Serial.o)
                0x0000fdbe                non-virtual thunk to mbed::Serial::_getc()
 .text._ZN4mbed6Serial5_putcEi
                0x0000fdc6        0x4 c:/OpenMono/mono/mbedlib.a(Serial.o)
                0x0000fdc6                mbed::Serial::_putc(int)
 .text._ZThn64_N4mbed6Serial5_putcEi
                0x0000fdca        0x8 c:/OpenMono/mono/mbedlib.a(Serial.o)
                0x0000fdca                non-virtual thunk to mbed::Serial::_putc(int)
 *fill*         0x0000fdd2        0x2 
 .text._ZN4mbed6SerialC2E7PinNameS1_PKc
                0x0000fdd4       0x30 c:/OpenMono/mono/mbedlib.a(Serial.o)
                0x0000fdd4                mbed::Serial::Serial(PinName, PinName, char const*)
                0x0000fdd4                mbed::Serial::Serial(PinName, PinName, char const*)
 .text._ZN4mbed10SerialBase12_irq_handlerEm9SerialIrq
                0x0000fe04       0x26 c:/OpenMono/mono/mbedlib.a(SerialBase.o)
                0x0000fe04                mbed::SerialBase::_irq_handler(unsigned long, SerialIrq)
 *fill*         0x0000fe2a        0x2 
 .text._ZN4mbed10SerialBaseC2E7PinNameS1_
                0x0000fe2c       0x3c c:/OpenMono/mono/mbedlib.a(SerialBase.o)
                0x0000fe2c                mbed::SerialBase::SerialBase(PinName, PinName)
                0x0000fe2c                mbed::SerialBase::SerialBase(PinName, PinName)
 .text._ZN4mbed10SerialBase9writeableEv
                0x0000fe68        0x6 c:/OpenMono/mono/mbedlib.a(SerialBase.o)
                0x0000fe68                mbed::SerialBase::writeable()
 .text._ZN4mbed10SerialBase10_base_getcEv
                0x0000fe6e        0x6 c:/OpenMono/mono/mbedlib.a(SerialBase.o)
                0x0000fe6e                mbed::SerialBase::_base_getc()
 .text._ZN4mbed10SerialBase10_base_putcEi
                0x0000fe74        0xe c:/OpenMono/mono/mbedlib.a(SerialBase.o)
                0x0000fe74                mbed::SerialBase::_base_putc(int)
 .text._ZN4mbed6Stream5writeEPKvj
                0x0000fe82       0x24 c:/OpenMono/mono/mbedlib.a(Stream.o)
                0x0000fe82                mbed::Stream::write(void const*, unsigned int)
 .text._ZN4mbed6Stream4readEPvj
                0x0000fea6       0x24 c:/OpenMono/mono/mbedlib.a(Stream.o)
                0x0000fea6                mbed::Stream::read(void*, unsigned int)
 .text._ZN4mbed6Stream5lseekEli
                0x0000feca        0x4 c:/OpenMono/mono/mbedlib.a(Stream.o)
                0x0000feca                mbed::Stream::lseek(long, int)
 .text._ZN4mbed6Stream5fsyncEv
                0x0000fece        0x4 c:/OpenMono/mono/mbedlib.a(Stream.o)
                0x0000fece                mbed::Stream::isatty()
                0x0000fece                mbed::Stream::fsync()
                0x0000fece                mbed::Stream::close()
 .text._ZN4mbed6Stream4flenEv
                0x0000fed2        0x4 c:/OpenMono/mono/mbedlib.a(Stream.o)
                0x0000fed2                mbed::Stream::flen()
 *fill*         0x0000fed6        0x2 
 .text._ZN4mbed6StreamC2EPKc
                0x0000fed8       0x44 c:/OpenMono/mono/mbedlib.a(Stream.o)
                0x0000fed8                mbed::Stream::Stream(char const*)
                0x0000fed8                mbed::Stream::Stream(char const*)
 .text._ZN4mbed6StreamD2Ev
                0x0000ff1c       0x24 c:/OpenMono/mono/mbedlib.a(Stream.o)
                0x0000ff1c                mbed::Stream::~Stream()
                0x0000ff1c                mbed::Stream::~Stream()
 .text._ZN4mbed6Stream6printfEPKcz
                0x0000ff40       0x28 c:/OpenMono/mono/mbedlib.a(Stream.o)
                0x0000ff40                mbed::Stream::printf(char const*, ...)
 .text.spi_init
                0x0000ff68       0x54 c:/OpenMono/mono/mbedlib.a(spi_api.o)
                0x0000ff68                spi_init
 .text.spi_format
                0x0000ffbc        0x4 c:/OpenMono/mono/mbedlib.a(spi_api.o)
                0x0000ffbc                spi_format
 .text.spi_frequency
                0x0000ffc0        0x2 c:/OpenMono/mono/mbedlib.a(spi_api.o)
                0x0000ffc0                spi_frequency
 *fill*         0x0000ffc2        0x2 
 .text.spi_master_write
                0x0000ffc4       0xe0 c:/OpenMono/mono/mbedlib.a(spi_api.o)
                0x0000ffc4                spi_master_write
 .text.error    0x000100a4       0x50 c:/OpenMono/mono/mbedlib.a(error.o)
                0x000100a4                error
 .text.wait_us  0x000100f4       0x16 c:/OpenMono/mono/mbedlib.a(wait_api.o)
                0x000100f4                wait_us
 .text.wait_ms  0x0001010a        0xa c:/OpenMono/mono/mbedlib.a(wait_api.o)
                0x0001010a                wait_ms
 .text._ZN4mbed8FileLikeC2EPKc
                0x00010114       0x28 c:/OpenMono/mono/mbedlib.a(FileLike.o)
                0x00010114                mbed::FileLike::FileLike(char const*)
                0x00010114                mbed::FileLike::FileLike(char const*)
 .text._ZN4mbed8FileLikeD2Ev
                0x0001013c       0x24 c:/OpenMono/mono/mbedlib.a(FileLike.o)
                0x0001013c                mbed::FileLike::~FileLike()
                0x0001013c                mbed::FileLike::~FileLike()
 .text._ZN4mono18ApplicationContext14enterSleepModeEv
                0x00010160       0x20 c:/OpenMono/mono/mono_framework.a(application_context.o)
                0x00010160                mono::ApplicationContext::enterSleepMode()
 .text._ZN4mbed19FunctionPointerArg1IvvE12membercallerIN4mono18ApplicationContextEEEvPvPj
                0x00010180       0x18 c:/OpenMono/mono/mono_framework.a(application_context.o)
                0x00010180                void mbed::FunctionPointerArg1<void, void>::membercaller<mono::ApplicationContext>(void*, unsigned int*)
 .text._ZN4mbed19FunctionPointerArg1IvvE12membercallerIN4mono14QueueInterruptEEEvPvPj
                0x00010198       0x18 c:/OpenMono/mono/mono_framework.a(application_context.o)
                0x00010198                void mbed::FunctionPointerArg1<void, void>::membercaller<mono::QueueInterrupt>(void*, unsigned int*)
 .text._ZN4mono18ApplicationContext4execEv
                0x000101b0        0xc c:/OpenMono/mono/mono_framework.a(application_context.o)
                0x000101b0                mono::ApplicationContext::exec()
 .text._ZN4mono18ApplicationContext10sleepForMsEm
                0x000101bc       0x58 c:/OpenMono/mono/mono_framework.a(application_context.o)
                0x000101bc                mono::ApplicationContext::sleepForMs(unsigned long)
 .text._ZN4mono18ApplicationContext14_softwareResetEv
                0x00010214       0x14 c:/OpenMono/mono/mono_framework.a(application_context.o)
                0x00010214                mono::ApplicationContext::_softwareReset()
 .text._ZN4mono18ApplicationContext26_softwareResetToBootloaderEv
                0x00010228       0x14 c:/OpenMono/mono/mono_framework.a(application_context.o)
                0x00010228                mono::ApplicationContext::_softwareResetToBootloader()
 .text._ZN4mono18ApplicationContext27_softwareResetToApplicationEv
                0x0001023c       0x14 c:/OpenMono/mono/mono_framework.a(application_context.o)
                0x0001023c                mono::ApplicationContext::_softwareResetToApplication()
 .text.debug.constprop.1
                0x00010250       0x28 c:/OpenMono/mono/mono_framework.a(application_context.o)
 .text._ZN4mono18ApplicationContext17resetOnUserButtonEv
                0x00010278       0x1c c:/OpenMono/mono/mono_framework.a(application_context.o)
                0x00010278                mono::ApplicationContext::resetOnUserButton()
 .text._ZN4mono18ApplicationContextC2Ev
                0x00010294      0x11c c:/OpenMono/mono/mono_framework.a(application_context.o)
                0x00010294                mono::ApplicationContext::ApplicationContext()
                0x00010294                mono::ApplicationContext::ApplicationContext()
 .text.startup._GLOBAL__sub_I__ZN4mono18ApplicationContext9singletonE
                0x000103b0      0x164 c:/OpenMono/mono/mono_framework.a(application_context.o)
 .text._ZN4mono18ApplicationContext18setMonoApplicationEPNS_12IApplicationE
                0x00010514       0x64 c:/OpenMono/mono/mono_framework.a(application_context.o)
                0x00010514                mono::ApplicationContext::setMonoApplication(mono::IApplication*)
 .text._ZN4mono18ApplicationContextD2Ev
                0x00010578       0x70 c:/OpenMono/mono/mono_framework.a(application_context.o)
                0x00010578                mono::ApplicationContext::~ApplicationContext()
                0x00010578                mono::ApplicationContext::~ApplicationContext()
 .text.debug    0x000105e8       0x24 c:/OpenMono/mono/mono_framework.a(application_run_loop.o)
 .text._ZN4mono19IApplicationContext13SoftwareResetEv
                0x0001060c       0x10 c:/OpenMono/mono/mono_framework.a(application_run_loop.o)
                0x0001060c                mono::IApplicationContext::SoftwareReset()
 .text._ZN4mono10AppRunLoopC2Ev
                0x0001061c       0x28 c:/OpenMono/mono/mono_framework.a(application_run_loop.o)
                0x0001061c                mono::AppRunLoop::AppRunLoop()
                0x0001061c                mono::AppRunLoop::AppRunLoop()
 .text._ZN4mono10AppRunLoop14addDynamicTaskEPNS_12IRunLoopTaskE
                0x00010644       0x1e c:/OpenMono/mono/mono_framework.a(application_run_loop.o)
                0x00010644                mono::AppRunLoop::addDynamicTask(mono::IRunLoopTask*)
 .text._ZN4mono10AppRunLoop17removeTaskInQueueEPNS_12IRunLoopTaskE
                0x00010662       0x18 c:/OpenMono/mono/mono_framework.a(application_run_loop.o)
                0x00010662                mono::AppRunLoop::removeTaskInQueue(mono::IRunLoopTask*)
 .text._ZN4mono10AppRunLoop23processDynamicTaskQueueEv
                0x0001067a       0x22 c:/OpenMono/mono/mono_framework.a(application_run_loop.o)
                0x0001067a                mono::AppRunLoop::processDynamicTaskQueue()
 .text._ZN4mono10AppRunLoop17removeDynamicTaskEPNS_12IRunLoopTaskE
                0x0001069c       0x1a c:/OpenMono/mono/mono_framework.a(application_run_loop.o)
                0x0001069c                mono::AppRunLoop::removeDynamicTask(mono::IRunLoopTask*)
 *fill*         0x000106b6        0x2 
 .text._ZN4mono10AppRunLoop17checkUsbUartStateEv
                0x000106b8       0x78 c:/OpenMono/mono/mono_framework.a(application_run_loop.o)
                0x000106b8                mono::AppRunLoop::checkUsbUartState()
 .text._ZN4mono10AppRunLoop7processEv
                0x00010730       0x74 c:/OpenMono/mono/mono_framework.a(application_run_loop.o)
                0x00010730                mono::AppRunLoop::process()
 .text._ZN4mono10AppRunLoop4execEv
                0x000107a4       0x16 c:/OpenMono/mono/mono_framework.a(application_run_loop.o)
                0x000107a4                mono::AppRunLoop::exec()
 *fill*         0x000107ba        0x2 
 .text._ZN4mono10AppRunLoop20setResetOnUserButtonEb
                0x000107bc       0x44 c:/OpenMono/mono/mono_framework.a(application_run_loop.o)
                0x000107bc                mono::AppRunLoop::setResetOnUserButton(bool)
 .text.startup._GLOBAL__sub_I__ZN4mono10AppRunLoopC2Ev
                0x00010800      0x148 c:/OpenMono/mono/mono_framework.a(application_run_loop.o)
 .text.debug    0x00010948       0x24 c:/OpenMono/mono/mono_framework.a(at30ts74_temperature.o)
 .text._ZN4mono6sensor19AT30TS74TemperatureC2Ev
                0x0001096c       0x10 c:/OpenMono/mono/mono_framework.a(at30ts74_temperature.o)
                0x0001096c                mono::sensor::AT30TS74Temperature::AT30TS74Temperature()
                0x0001096c                mono::sensor::AT30TS74Temperature::AT30TS74Temperature()
 .text._ZN4mono6sensor19AT30TS74Temperature12readRegisterEhPt
                0x0001097c       0xa8 c:/OpenMono/mono/mono_framework.a(at30ts74_temperature.o)
                0x0001097c                mono::sensor::AT30TS74Temperature::readRegister(unsigned char, unsigned short*)
 .text._ZN4mono6sensor19AT30TS74Temperature4ReadEv
                0x00010a24       0x2a c:/OpenMono/mono/mono_framework.a(at30ts74_temperature.o)
                0x00010a24                mono::sensor::AT30TS74Temperature::Read()
 .text._ZN4mono6sensor19AT30TS74Temperature16ReadMilliCelciusEv
                0x00010a4e       0x32 c:/OpenMono/mono/mono_framework.a(at30ts74_temperature.o)
                0x00010a4e                mono::sensor::AT30TS74Temperature::ReadMilliCelcius()
 .text.startup._GLOBAL__sub_I__ZN4mono6sensor19AT30TS74TemperatureC2Ev
                0x00010a80       0x48 c:/OpenMono/mono/mono_framework.a(at30ts74_temperature.o)
 .text._ZN4mono7memdumpEPvm
                0x00010ac8       0xa4 c:/OpenMono/mono/mono_framework.a(consoles.o)
                0x00010ac8                mono::memdump(void*, unsigned long)
 .text._ZN4mono7warningEPKc
                0x00010b6c       0x14 c:/OpenMono/mono/mono_framework.a(consoles.o)
                0x00010b6c                mono::warning(char const*)
 .text._ZN4mono7ConsoleC2EPN4mbed6SerialE
                0x00010b80        0x4 c:/OpenMono/mono/mono_framework.a(consoles.o)
                0x00010b80                mono::Console::Console(mbed::Serial*)
                0x00010b80                mono::Console::Console(mbed::Serial*)
 .text._ZN4mono7ConsolelsEPKc
                0x00010b84       0x18 c:/OpenMono/mono/mono_framework.a(consoles.o)
                0x00010b84                mono::Console::operator<<(char const*)
 .text.startup._GLOBAL__sub_I__ZN4mono7memdumpEPvm
                0x00010b9c       0x24 c:/OpenMono/mono/mono_framework.a(consoles.o)
 .text._ZN4mono7network10HttpClientC2Ev
                0x00010bc0       0x5c c:/OpenMono/mono/mono_framework.a(http_client.o)
                0x00010bc0                mono::network::HttpClient::HttpClient()
                0x00010bc0                mono::network::HttpClient::HttpClient()
 .text._ZN4mono7network10HttpClientD2Ev
                0x00010c1c       0x50 c:/OpenMono/mono/mono_framework.a(http_client.o)
                0x00010c1c                mono::network::HttpClient::~HttpClient()
                0x00010c1c                mono::network::HttpClient::~HttpClient()
 .text._ZN4mono7network10HttpClientD0Ev
                0x00010c6c       0x12 c:/OpenMono/mono/mono_framework.a(http_client.o)
                0x00010c6c                mono::network::HttpClient::~HttpClient()
 .text._ZN4mono2io10DigitalOutC2E7PinNamei
                0x00010c7e       0x12 c:/OpenMono/mono/mono_framework.a(mn_digital_out.o)
                0x00010c7e                mono::io::DigitalOut::DigitalOut(PinName, int)
                0x00010c7e                mono::io::DigitalOut::DigitalOut(PinName, int)
 .text._ZN4mono2io10DigitalOutC2E7PinNamei7PinMode
                0x00010c90       0x1c c:/OpenMono/mono/mono_framework.a(mn_digital_out.o)
                0x00010c90                mono::io::DigitalOut::DigitalOut(PinName, int, PinMode)
                0x00010c90                mono::io::DigitalOut::DigitalOut(PinName, int, PinMode)
 .text._ZN4mono2io10DigitalOut7setModeE7PinMode
                0x00010cac        0x4 c:/OpenMono/mono/mono_framework.a(mn_digital_out.o)
                0x00010cac                mono::io::DigitalOut::setMode(PinMode)
 .text._ZN4mono2io6SerialC2Ev
                0x00010cb0       0x2c c:/OpenMono/mono/mono_framework.a(mn_serial.o)
                0x00010cb0                mono::io::Serial::Serial()
                0x00010cb0                mono::io::Serial::Serial()
 .text._ZN4mono2io6Serial3DTREv
                0x00010cdc       0x1e c:/OpenMono/mono/mono_framework.a(mn_serial.o)
                0x00010cdc                mono::io::Serial::DTR()
 *fill*         0x00010cfa        0x2 
 .text.startup._GLOBAL__sub_I__ZN4mono2io6SerialC2E7PinNameS2_
                0x00010cfc      0x148 c:/OpenMono/mono/mono_framework.a(mn_serial.o)
 .text._ZN4mono6StringC2Ev
                0x00010e44        0xa c:/OpenMono/mono/mono_framework.a(mn_string.o)
                0x00010e44                mono::String::String()
                0x00010e44                mono::String::String()
 .text._ZN4mono6StringC2ERKS0_
                0x00010e4e       0x1c c:/OpenMono/mono/mono_framework.a(mn_string.o)
                0x00010e4e                mono::String::String(mono::String const&)
                0x00010e4e                mono::String::String(mono::String const&)
 .text._ZNK4mono6String6LengthEv
                0x00010e6a        0xa c:/OpenMono/mono/mono_framework.a(mn_string.o)
                0x00010e6a                mono::String::Length() const
 .text._ZNK4mono6StringixEm
                0x00010e74        0x6 c:/OpenMono/mono/mono_framework.a(mn_string.o)
                0x00010e74                mono::String::operator[](unsigned long) const
 .text._ZNK4mono6StringclEv
                0x00010e7a        0x4 c:/OpenMono/mono/mono_framework.a(mn_string.o)
                0x00010e7a                mono::String::operator()() const
 .text._ZN4mono6StringD2Ev
                0x00010e7e       0x1c c:/OpenMono/mono/mono_framework.a(mn_string.o)
                0x00010e7e                mono::String::~String()
                0x00010e7e                mono::String::~String()
 .text._ZN4mono6StringaSEPKc
                0x00010e9a       0x18 c:/OpenMono/mono/mono_framework.a(mn_string.o)
                0x00010e9a                mono::String::operator=(char const*)
 .text._ZN4mono6StringaSERKS0_
                0x00010eb2       0x28 c:/OpenMono/mono/mono_framework.a(mn_string.o)
                0x00010eb2                mono::String::operator=(mono::String const&)
 .text._ZN4mono6String13preAllocbytesEm
                0x00010eda       0x2c c:/OpenMono/mono/mono_framework.a(mn_string.o)
                0x00010eda                mono::String::preAllocbytes(unsigned long)
 .text._ZN4mono6String6FormatEPKcz
                0x00010f06       0x3a c:/OpenMono/mono/mono_framework.a(mn_string.o)
                0x00010f06                mono::String::Format(char const*, ...)
 .text._ZN4mono6String15CopyFromCStringEPKc
                0x00010f40       0x2c c:/OpenMono/mono/mono_framework.a(mn_string.o)
                0x00010f40                mono::String::CopyFromCString(char const*)
 .text._ZN4mono6StringC2EPKc
                0x00010f6c        0xc c:/OpenMono/mono/mono_framework.a(mn_string.o)
                0x00010f6c                mono::String::String(char const*)
                0x00010f6c                mono::String::String(char const*)
                0x00010f6c                mono::String::String(char*)
                0x00010f6c                mono::String::String(char*)
 .text._ZN4mono5Timer16hwTimerInterruptEv
                0x00010f78        0x8 c:/OpenMono/mono/mono_framework.a(mn_timer.o)
                0x00010f78                mono::Timer::hwTimerInterrupt()
 .text._ZN4mbed19FunctionPointerArg1IvvE12membercallerIN4mono5TimerEEEvPvPj
                0x00010f80       0x18 c:/OpenMono/mono/mono_framework.a(mn_timer.o)
                0x00010f80                void mbed::FunctionPointerArg1<void, void>::membercaller<mono::Timer>(void*, unsigned int*)
 .text._ZN4mono5TimerC2Emb
                0x00010f98       0x40 c:/OpenMono/mono/mono_framework.a(mn_timer.o)
                0x00010f98                mono::Timer::Timer(unsigned long, bool)
                0x00010f98                mono::Timer::Timer(unsigned long, bool)
 .text._ZN4mono5Timer5StartEv
                0x00010fd8       0x58 c:/OpenMono/mono/mono_framework.a(mn_timer.o)
                0x00010fd8                mono::Timer::Start()
 .text._ZN4mono5Timer4StopEv
                0x00011030       0x28 c:/OpenMono/mono/mono_framework.a(mn_timer.o)
                0x00011030                mono::Timer::Stop()
 .text._ZN4mono5TimerD2Ev
                0x00011058       0x34 c:/OpenMono/mono/mono_framework.a(mn_timer.o)
                0x00011058                mono::Timer::~Timer()
                0x00011058                mono::Timer::~Timer()
 .text._ZN4mono5TimerD0Ev
                0x0001108c       0x12 c:/OpenMono/mono/mono_framework.a(mn_timer.o)
                0x0001108c                mono::Timer::~Timer()
 .text._ZN4mono5Timer11taskHandlerEv
                0x0001109e       0x52 c:/OpenMono/mono/mono_framework.a(mn_timer.o)
                0x0001109e                mono::Timer::taskHandler()
 .text.startup._GLOBAL__sub_I__ZN4mono5TimerC2Ev
                0x000110f0      0x148 c:/OpenMono/mono/mono_framework.a(mn_timer.o)
 .text.debug    0x00011238       0x24 c:/OpenMono/mono/mono_framework.a(mono_accelerometer.o)
 .text._ZN4mono6sensor16MMAAccelerometer5StartEv
                0x0001125c       0x34 c:/OpenMono/mono/mono_framework.a(mono_accelerometer.o)
                0x0001125c                mono::sensor::MMAAccelerometer::Start()
 .text._ZN4mono6sensor16MMAAccelerometer4StopEv
                0x00011290       0x34 c:/OpenMono/mono/mono_framework.a(mono_accelerometer.o)
                0x00011290                mono::sensor::MMAAccelerometer::Stop()
 .text._ZN4mono6sensor16MMAAccelerometer8IsActiveEv
                0x000112c4       0x3c c:/OpenMono/mono/mono_framework.a(mono_accelerometer.o)
                0x000112c4                mono::sensor::MMAAccelerometer::IsActive()
 .text._ZN4mono6sensor16MMAAccelerometer8rawXAxisEv
                0x00011300       0x48 c:/OpenMono/mono/mono_framework.a(mono_accelerometer.o)
                0x00011300                mono::sensor::MMAAccelerometer::rawXAxis()
 .text._ZN4mono6sensor16MMAAccelerometer13writeRegisterEhh
                0x00011348       0x40 c:/OpenMono/mono/mono_framework.a(mono_accelerometer.o)
                0x00011348                mono::sensor::MMAAccelerometer::writeRegister(unsigned char, unsigned char)
 .text._ZN4mono6sensor16MMAAccelerometer12readRegisterEhPt
                0x00011388       0x6c c:/OpenMono/mono/mono_framework.a(mono_accelerometer.o)
                0x00011388                mono::sensor::MMAAccelerometer::readRegister(unsigned char, unsigned short*)
 .text._ZN4mono6sensor16MMAAccelerometer12readRegisterEhPh
                0x000113f4       0x6c c:/OpenMono/mono/mono_framework.a(mono_accelerometer.o)
                0x000113f4                mono::sensor::MMAAccelerometer::readRegister(unsigned char, unsigned char*)
 .text._ZN4mono6sensor16MMAAccelerometerC2Ev
                0x00011460       0x14 c:/OpenMono/mono/mono_framework.a(mono_accelerometer.o)
                0x00011460                mono::sensor::MMAAccelerometer::MMAAccelerometer()
                0x00011460                mono::sensor::MMAAccelerometer::MMAAccelerometer()
 .text.startup._GLOBAL__sub_I__ZN4mono6sensor16MMAAccelerometerC2Ev
                0x00011474       0x48 c:/OpenMono/mono/mono_framework.a(mono_accelerometer.o)
 .text._ZN4mbed19FunctionPointerArg1IvvE12membercallerIN4mono6sensor10MonoBuzzerEEEvPvPj
                0x000114bc       0x18 c:/OpenMono/mono/mono_framework.a(mono_buzzer.o)
                0x000114bc                void mbed::FunctionPointerArg1<void, void>::membercaller<mono::sensor::MonoBuzzer>(void*, unsigned int*)
 .text._ZN4mono6sensor10MonoBuzzer8buzzKillEv
                0x000114d4       0x1c c:/OpenMono/mono/mono_framework.a(mono_buzzer.o)
                0x000114d4                mono::sensor::MonoBuzzer::buzzKill()
 .text._ZN4mono6sensor10MonoBuzzer9buzzAsyncEm
                0x000114f0       0x4c c:/OpenMono/mono/mono_framework.a(mono_buzzer.o)
                0x000114f0                mono::sensor::MonoBuzzer::buzzAsync(unsigned long)
 .text._ZN4mono6sensor10MonoBuzzerC2Ev
                0x0001153c       0x14 c:/OpenMono/mono/mono_framework.a(mono_buzzer.o)
                0x0001153c                mono::sensor::MonoBuzzer::MonoBuzzer()
                0x0001153c                mono::sensor::MonoBuzzer::MonoBuzzer()
 .text._ZN4mono5power16IPowerManagement26processResetAwarenessQueueEv
                0x00011550       0x14 c:/OpenMono/mono/mono_framework.a(mono_power_management.o)
                0x00011550                mono::power::IPowerManagement::processResetAwarenessQueue()
 .text._ZN4mono5power16IPowerManagement26processSleepAwarenessQueueEv
                0x00011564       0x14 c:/OpenMono/mono/mono_framework.a(mono_power_management.o)
                0x00011564                mono::power::IPowerManagement::processSleepAwarenessQueue()
 .text._ZN4mono5power16IPowerManagement25processWakeAwarenessQueueEv
                0x00011578       0x14 c:/OpenMono/mono/mono_framework.a(mono_power_management.o)
                0x00011578                mono::power::IPowerManagement::processWakeAwarenessQueue()
 .text._ZN4mono5power16IPowerManagement31processBatteryLowAwarenessQueueEv
                0x0001158c       0x14 c:/OpenMono/mono/mono_framework.a(mono_power_management.o)
                0x0001158c                mono::power::IPowerManagement::processBatteryLowAwarenessQueue()
 .text._ZN4mono5power16IPowerManagement29removeObjectInPowerAwareQueueEPNS0_11IPowerAwareE
                0x000115a0       0x10 c:/OpenMono/mono/mono_framework.a(mono_power_management.o)
                0x000115a0                mono::power::IPowerManagement::removeObjectInPowerAwareQueue(mono::power::IPowerAware*)
 .text._ZN4mono5power16IPowerManagement23AppendToPowerAwareQueueEPNS0_11IPowerAwareE
                0x000115b0       0x1c c:/OpenMono/mono/mono_framework.a(mono_power_management.o)
                0x000115b0                mono::power::IPowerManagement::AppendToPowerAwareQueue(mono::power::IPowerAware*)
 .text._ZN4mono5power16IPowerManagement25RemoveFromPowerAwareQueueEPNS0_11IPowerAwareE
                0x000115cc       0x1c c:/OpenMono/mono/mono_framework.a(mono_power_management.o)
                0x000115cc                mono::power::IPowerManagement::RemoveFromPowerAwareQueue(mono::power::IPowerAware*)
 .text._ZN4mono5power19MonoPowerManagement11taskHandlerEv
                0x000115e8       0x14 c:/OpenMono/mono/mono_framework.a(mono_power_management.o)
                0x000115e8                mono::power::MonoPowerManagement::taskHandler()
 .text._ZThn12_N4mono5power19MonoPowerManagement11taskHandlerEv
                0x000115fc        0x8 c:/OpenMono/mono/mono_framework.a(mono_power_management.o)
                0x000115fc                non-virtual thunk to mono::power::MonoPowerManagement::taskHandler()
 .text._ZN4mono5power19MonoPowerManagement26processResetAwarenessQueueEv
                0x00011604        0x8 c:/OpenMono/mono/mono_framework.a(mono_power_management.o)
                0x00011604                mono::power::MonoPowerManagement::processResetAwarenessQueue()
 .text._ZN4mono5power19MonoPowerManagement19setupMCUPeripheralsEv
                0x0001160c       0xb4 c:/OpenMono/mono/mono_framework.a(mono_power_management.o)
                0x0001160c                mono::power::MonoPowerManagement::setupMCUPeripherals()
 .text._ZN4mono5power19MonoPowerManagement16systemLowBatteryEv
                0x000116c0        0x8 c:/OpenMono/mono/mono_framework.a(mono_power_management.o)
                0x000116c0                mono::power::MonoPowerManagement::systemLowBattery()
 .text._ZN4mbed19FunctionPointerArg1IvvE12membercallerIN4mono5power19MonoPowerManagementEEEvPvPj
                0x000116c8       0x18 c:/OpenMono/mono/mono_framework.a(mono_power_management.o)
                0x000116c8                void mbed::FunctionPointerArg1<void, void>::membercaller<mono::power::MonoPowerManagement>(void*, unsigned int*)
 .text.debug.constprop.1
                0x000116e0       0x28 c:/OpenMono/mono/mono_framework.a(mono_power_management.o)
 .text._ZN4mono5power19MonoPowerManagement18systemEmptyBatteryEv
                0x00011708       0x34 c:/OpenMono/mono/mono_framework.a(mono_power_management.o)
                0x00011708                mono::power::MonoPowerManagement::systemEmptyBattery()
 .text._ZN4mono5power19MonoPowerManagementC2Ev
                0x0001173c       0x80 c:/OpenMono/mono/mono_framework.a(mono_power_management.o)
                0x0001173c                mono::power::MonoPowerManagement::MonoPowerManagement()
                0x0001173c                mono::power::MonoPowerManagement::MonoPowerManagement()
 .text._ZN4mono5power19MonoPowerManagement10saveDMPortEmPh
                0x000117bc        0xe c:/OpenMono/mono/mono_framework.a(mono_power_management.o)
                0x000117bc                mono::power::MonoPowerManagement::saveDMPort(unsigned long, unsigned char*)
 *fill*         0x000117ca        0x2 
 .text._ZN4mono5power19MonoPowerManagement15saveDMRegistersEv
                0x000117cc       0x84 c:/OpenMono/mono/mono_framework.a(mono_power_management.o)
                0x000117cc                mono::power::MonoPowerManagement::saveDMRegisters()
 .text._ZN4mono5power19MonoPowerManagement23powerDownMCUPeripheralsEv
                0x00011850       0x34 c:/OpenMono/mono/mono_framework.a(mono_power_management.o)
                0x00011850                mono::power::MonoPowerManagement::powerDownMCUPeripherals()
 .text._ZN4mono5power19MonoPowerManagement13restoreDMPortEmPh
                0x00011884        0xe c:/OpenMono/mono/mono_framework.a(mono_power_management.o)